******************************************************************************
                  MSP430 Linker PC v16.9.6                     
******************************************************************************
>> Linked Mon Oct 15 04:43:34 2018

OUTPUT FILE NAME:   <MSP430_Flappy_bird.out>
ENTRY POINT SYMBOL: "_c_int00_noargs_noexit"  address: 0000c572


MEMORY CONFIGURATION

         name            origin    length      used     unused   attr    fill
----------------------  --------  ---------  --------  --------  ----  --------
  SFR                   00000000   00000010  00000000  00000010  RWIX
  PERIPHERALS_8BIT      00000010   000000f0  00000000  000000f0  RWIX
  PERIPHERALS_16BIT     00000100   00000100  00000000  00000100  RWIX
  RAM                   00000200   00000200  000000fc  00000104  RWIX
  INFOD                 00001000   00000040  00000000  00000040  RWIX
  INFOC                 00001040   00000040  00000000  00000040  RWIX
  INFOB                 00001080   00000040  00000000  00000040  RWIX
  INFOA                 000010c0   00000040  00000000  00000040  RWIX
  FLASH                 0000c000   00003fde  0000069e  00003940  RWIX
  BSLSIGNATURE          0000ffde   00000002  00000002  00000000  RWIX  ffff 
  INT00                 0000ffe0   00000002  00000002  00000000  RWIX
  INT01                 0000ffe2   00000002  00000000  00000002  RWIX
  INT02                 0000ffe4   00000002  00000002  00000000  RWIX
  INT03                 0000ffe6   00000002  00000002  00000000  RWIX
  INT04                 0000ffe8   00000002  00000000  00000002  RWIX
  INT05                 0000ffea   00000002  00000002  00000000  RWIX
  INT06                 0000ffec   00000002  00000002  00000000  RWIX
  INT07                 0000ffee   00000002  00000002  00000000  RWIX
  INT08                 0000fff0   00000002  00000002  00000000  RWIX
  INT09                 0000fff2   00000002  00000002  00000000  RWIX
  INT10                 0000fff4   00000002  00000002  00000000  RWIX
  INT11                 0000fff6   00000002  00000002  00000000  RWIX
  INT12                 0000fff8   00000002  00000002  00000000  RWIX
  INT13                 0000fffa   00000002  00000002  00000000  RWIX
  INT14                 0000fffc   00000002  00000002  00000000  RWIX
  RESET                 0000fffe   00000002  00000002  00000000  RWIX


SECTION ALLOCATION MAP

 output                                  attributes/
section   page    origin      length       input sections
--------  ----  ----------  ----------   ----------------
.bss       0    00000200    0000005c     UNINITIALIZED
                  00000200    00000049     (.common:sys_params)
                  00000249    00000001     --HOLE--
                  0000024a    00000008     (.common:display_map)
                  00000252    00000002     (.common:Car_P)
                  00000254    00000002     (.common:i)
                  00000256    00000002     (.common:k)
                  00000258    00000002     (.common:n)
                  0000025a    00000002     (.common:star)

.data      0    0000025c    00000050     UNINITIALIZED
                  0000025c    00000020     main.obj (.data:game_map)
                  0000027c    00000008     flappy.obj (.data)
                  00000284    00000008     main.obj (.data:led_control)
                  0000028c    00000008     main.obj (.data:sad)
                  00000294    00000008     main.obj (.data:smile)
                  0000029c    00000008     main.obj (.data:test_off)
                  000002a4    00000008     main.obj (.data:test_on)

.stack     0    000003b0    00000050     UNINITIALIZED
                  000003b0    00000002     rts430_eabi.lib : boot.obj (.stack)
                  000003b2    0000004e     --HOLE--

.text      0    0000c000    0000064a     
                  0000c000    000000cc     flappy.obj (.text:play)
                  0000c0cc    00000084     main.obj (.text:main)
                  0000c150    0000007c     rts430_eabi.lib : copy_decompress_lzss.obj (.text:decompress:lzss:__TI_decompress_lzss)
                  0000c1cc    0000006e                     : autoinit.obj (.text:_auto_init)
                  0000c23a    00000060     flappy.obj (.text:car_position)
                  0000c29a    00000060     flappy.obj (.text:end)
                  0000c2fa    0000005e     flappy.obj (.text:begin)
                  0000c358    0000005a     rts430_eabi.lib : cpy_tbl.obj (.text:copy_in)
                  0000c3b2    00000058     flappy.obj (.text:sys_init)
                  0000c40a    0000004c     rts430_eabi.lib : lsr16.obj (.text)
                  0000c456    0000004a     flappy.obj (.text:timer0)
                  0000c4a0    00000038     SPI.obj (.text:Config_SPI_A)
                  0000c4d8    0000002c     rts430_eabi.lib : div16s.obj (.text)
                  0000c504    0000002c                     : lsl16.obj (.text)
                  0000c530    00000024     SPI.obj (.text:Send_byte_A)
                  0000c554    0000001e     flappy.obj (.text:map_copy)
                  0000c572    0000001a     rts430_eabi.lib : boot_special.obj (.text:_c_int00_noargs_noexit)
                  0000c58c    0000001a     flappy.obj (.text:image_copy)
                  0000c5a6    00000016     rts430_eabi.lib : div16u.obj (.text)
                  0000c5bc    00000014     flappy.obj (.text:BUTTON_Interrupt_Handle)
                  0000c5d0    00000014     rts430_eabi.lib : copy_zero_init.obj (.text:decompress:ZI:__TI_zero_init)
                  0000c5e4    00000014                     : mult16.obj (.text)
                  0000c5f8    00000012                     : copy_decompress_none.obj (.text:decompress:none:__TI_decompress_none)
                  0000c60a    00000012                     : memcpy.obj (.text:memcpy)
                  0000c61c    00000010                     : epilog.obj (.text)
                  0000c62c    00000008     GPIO_CLOCK.obj (.text:Config_stop_WDT)
                  0000c634    00000008     rts430_eabi.lib : isr_trap.obj (.text:_isr:__TI_ISR_TRAP)
                  0000c63c    00000006                     : exit.obj (.text:abort)
                  0000c642    00000004                     : pre_init.obj (.text:_system_pre_init)
                  0000c646    00000002     UART.obj (.text:USCI0RX_ISR)
                  0000c648    00000002     rts430_eabi.lib : startup.obj (.text:_system_post_cinit)

.cinit     0    0000c64a    00000054     
                  0000c64a    00000041     (.cinit..data.load) [load image, compression = lzss]
                  0000c68b    00000001     --HOLE-- [fill = 0]
                  0000c68c    00000006     (__TI_handler_table)
                  0000c692    00000004     (.cinit..bss.load) [load image, compression = zero_init]
                  0000c696    00000008     (__TI_cinit_table)

.binit     0    0000c000    00000000     

.init_array 
*          0    0000c000    00000000     UNINITIALIZED

TRAPINT    0    0000ffe0    00000002     
                  0000ffe0    00000002     rts430_eabi.lib : int00.obj (.int00)

$fill000   0    0000ffde    00000002     
                  0000ffde    00000002     --HOLE-- [fill = ffff]

PORT1      0    0000ffe4    00000002     
                  0000ffe4    00000002     rts430_eabi.lib : int02.obj (.int02)

PORT2      0    0000ffe6    00000002     
                  0000ffe6    00000002     flappy.obj (.int03)

ADC10      0    0000ffea    00000002     
                  0000ffea    00000002     rts430_eabi.lib : int05.obj (.int05)

USCIAB0TX 
*          0    0000ffec    00000002     
                  0000ffec    00000002     rts430_eabi.lib : int06.obj (.int06)

USCIAB0RX 
*          0    0000ffee    00000002     
                  0000ffee    00000002     UART.obj (.int07)

TIMER0_A1 
*          0    0000fff0    00000002     
                  0000fff0    00000002     rts430_eabi.lib : int08.obj (.int08)

TIMER0_A0 
*          0    0000fff2    00000002     
                  0000fff2    00000002     rts430_eabi.lib : int09.obj (.int09)

WDT        0    0000fff4    00000002     
                  0000fff4    00000002     rts430_eabi.lib : int10.obj (.int10)

COMPARATORA 
*          0    0000fff6    00000002     
                  0000fff6    00000002     rts430_eabi.lib : int11.obj (.int11)

TIMER1_A1 
*          0    0000fff8    00000002     
                  0000fff8    00000002     rts430_eabi.lib : int12.obj (.int12)

TIMER1_A0 
*          0    0000fffa    00000002     
                  0000fffa    00000002     flappy.obj (.int13)

NMI        0    0000fffc    00000002     
                  0000fffc    00000002     rts430_eabi.lib : int14.obj (.int14)

.reset     0    0000fffe    00000002     
                  0000fffe    00000002     rts430_eabi.lib : boot.obj (.reset)

MODULE SUMMARY

       Module                     code   ro data   rw data
       ------                     ----   -------   -------
    .\
       main.obj                   132    0         145    
    +--+--------------------------+------+---------+---------+
       Total:                     132    0         145    
                                                          
    .\lib\
       flappy.obj                 728    4         26     
       SPI.obj                    92     0         0      
       GPIO_CLOCK.obj             8      0         0      
       UART.obj                   2      2         0      
    +--+--------------------------+------+---------+---------+
       Total:                     830    6         26     
                                                          
    C:\ti\ccsv7\tools\compiler\ti-cgt-msp430_16.9.6.LTS\lib\rts430_eabi.lib
       copy_decompress_lzss.obj   124    0         0      
       autoinit.obj               110    0         0      
       cpy_tbl.obj                90     0         0      
       lsr16.obj                  76     0         0      
       div16s.obj                 44     0         0      
       lsl16.obj                  44     0         0      
       boot_special.obj           26     0         0      
       div16u.obj                 22     0         0      
       copy_zero_init.obj         20     0         0      
       mult16.obj                 20     0         0      
       copy_decompress_none.obj   18     0         0      
       memcpy.obj                 18     0         0      
       epilog.obj                 16     0         0      
       isr_trap.obj               8      0         0      
       exit.obj                   6      0         0      
       pre_init.obj               4      0         0      
       boot.obj                   0      2         0      
       int00.obj                  0      2         0      
       int02.obj                  0      2         0      
       int05.obj                  0      2         0      
       int06.obj                  0      2         0      
       int08.obj                  0      2         0      
       int09.obj                  0      2         0      
       int10.obj                  0      2         0      
       int11.obj                  0      2         0      
       int12.obj                  0      2         0      
       int14.obj                  0      2         0      
       startup.obj                2      0         0      
    +--+--------------------------+------+---------+---------+
       Total:                     648    22        0      
                                                          
       Stack:                     0      0         80     
       Linker Generated:          0      83        0      
    +--+--------------------------+------+---------+---------+
       Grand Total:               1610   111       251    


LINKER GENERATED COPY TABLES

__TI_cinit_table @ 0000c696 records: 2, size/record: 4, table size: 8
	.data: load addr=0000c64a, load size=00000041 bytes, run addr=0000025c, run size=00000050 bytes, compression=lzss
	.bss: load addr=0000c692, load size=00000004 bytes, run addr=00000200, run size=0000005c bytes, compression=zero_init


LINKER GENERATED HANDLER TABLE

__TI_handler_table @ 0000c68c records: 3, size/record: 2, table size: 6
	index: 0, handler: __TI_zero_init
	index: 1, handler: __TI_decompress_lzss
	index: 2, handler: __TI_decompress_none


GLOBAL SYMBOLS: SORTED ALPHABETICALLY BY Name 

address   name                    
-------   ----                    
0000004a  ADC10AE0                
000001b0  ADC10CTL0               
000001b2  ADC10CTL1               
00000048  ADC10DTC0               
00000049  ADC10DTC1               
000001b4  ADC10MEM                
000001bc  ADC10SA                 
00000057  BCSCTL1                 
00000058  BCSCTL2                 
00000053  BCSCTL3                 
0000c5bc  BUTTON_Interrupt_Handle 
0000c63c  C$$EXIT                 
00000059  CACTL1                  
0000005a  CACTL2                  
000010fb  CALBC1_12MHZ            
000010f9  CALBC1_16MHZ            
000010ff  CALBC1_1MHZ             
000010fd  CALBC1_8MHZ             
000010fa  CALDCO_12MHZ            
000010f8  CALDCO_16MHZ            
000010fe  CALDCO_1MHZ             
000010fc  CALDCO_8MHZ             
0000005b  CAPD                    
00000252  Car_P                   
0000c4a0  Config_SPI_A            
0000c62c  Config_stop_WDT         
00000056  DCOCTL                  
00000128  FCTL1                   
0000012a  FCTL2                   
0000012c  FCTL3                   
00000000  IE1                     
00000001  IE2                     
00000002  IFG1                    
00000003  IFG2                    
00000022  P1DIR                   
00000025  P1IE                    
00000024  P1IES                   
00000023  P1IFG                   
00000020  P1IN                    
00000021  P1OUT                   
00000027  P1REN                   
00000026  P1SEL                   
00000041  P1SEL2                  
0000002a  P2DIR                   
0000002d  P2IE                    
0000002c  P2IES                   
0000002b  P2IFG                   
00000028  P2IN                    
00000029  P2OUT                   
0000002f  P2REN                   
0000002e  P2SEL                   
00000042  P2SEL2                  
0000001a  P3DIR                   
00000018  P3IN                    
00000019  P3OUT                   
00000010  P3REN                   
0000001b  P3SEL                   
00000043  P3SEL2                  
0000c530  Send_byte_A             
00000172  TA0CCR0                 
00000174  TA0CCR1                 
00000176  TA0CCR2                 
00000162  TA0CCTL0                
00000164  TA0CCTL1                
00000166  TA0CCTL2                
00000160  TA0CTL                  
0000012e  TA0IV                   
00000170  TA0R                    
00000192  TA1CCR0                 
00000194  TA1CCR1                 
00000196  TA1CCR2                 
00000182  TA1CCTL0                
00000184  TA1CCTL1                
00000186  TA1CCTL2                
00000180  TA1CTL                  
0000011e  TA1IV                   
00000190  TA1R                    
000010db  TLV_ADC10_1_LEN         
000010da  TLV_ADC10_1_TAG         
000010c0  TLV_CHECKSUM            
000010f7  TLV_DCO_30_LEN          
000010f6  TLV_DCO_30_TAG          
0000005d  UCA0ABCTL               
00000062  UCA0BR0                 
00000063  UCA0BR1                 
00000060  UCA0CTL0                
00000061  UCA0CTL1                
0000005f  UCA0IRRCTL              
0000005e  UCA0IRTCTL              
00000064  UCA0MCTL                
00000066  UCA0RXBUF               
00000065  UCA0STAT                
00000067  UCA0TXBUF               
0000006a  UCB0BR0                 
0000006b  UCB0BR1                 
00000068  UCB0CTL0                
00000069  UCB0CTL1                
0000006c  UCB0I2CIE               
00000118  UCB0I2COA               
0000011a  UCB0I2CSA               
0000006e  UCB0RXBUF               
0000006d  UCB0STAT                
0000006f  UCB0TXBUF               
0000c646  USCI0RX_ISR             
00000120  WDTCTL                  
00000400  __STACK_END             
00000050  __STACK_SIZE            
UNDEFED   __TI_BINIT_Base         
UNDEFED   __TI_BINIT_Limit        
0000c696  __TI_CINIT_Base         
0000c69e  __TI_CINIT_Limit        
0000c68c  __TI_Handler_Table_Base 
0000c692  __TI_Handler_Table_Limit
UNDEFED   __TI_INITARRAY_Base     
UNDEFED   __TI_INITARRAY_Limit    
0000c634  __TI_ISR_TRAP           
0000c150  __TI_decompress_lzss    
0000c5f8  __TI_decompress_none    
0000ffe0  __TI_int00              
0000ffe4  __TI_int02              
0000ffe6  __TI_int03              
0000ffea  __TI_int05              
0000ffec  __TI_int06              
0000ffee  __TI_int07              
0000fff0  __TI_int08              
0000fff2  __TI_int09              
0000fff4  __TI_int10              
0000fff6  __TI_int11              
0000fff8  __TI_int12              
0000fffa  __TI_int13              
0000fffc  __TI_int14              
ffffffff  __TI_pprof_out_hndl     
ffffffff  __TI_prof_data_size     
ffffffff  __TI_prof_data_start    
0000c5d0  __TI_zero_init          
ffffffff  __c_args__              
0000c4d8  __mspabi_divi           
0000c5a6  __mspabi_divu           
0000c628  __mspabi_func_epilog_1  
0000c626  __mspabi_func_epilog_2  
0000c624  __mspabi_func_epilog_3  
0000c622  __mspabi_func_epilog_4  
0000c620  __mspabi_func_epilog_5  
0000c61e  __mspabi_func_epilog_6  
0000c61c  __mspabi_func_epilog_7  
0000c5e4  __mspabi_mpyi           
0000c5e4  __mspabi_mpyi_sw        
0000c4d8  __mspabi_remi           
0000c5a6  __mspabi_remu           
0000c504  __mspabi_slli           
0000c52c  __mspabi_slli_1         
0000c51a  __mspabi_slli_10        
0000c518  __mspabi_slli_11        
0000c516  __mspabi_slli_12        
0000c514  __mspabi_slli_13        
0000c512  __mspabi_slli_14        
0000c510  __mspabi_slli_15        
0000c52a  __mspabi_slli_2         
0000c528  __mspabi_slli_3         
0000c526  __mspabi_slli_4         
0000c524  __mspabi_slli_5         
0000c522  __mspabi_slli_6         
0000c520  __mspabi_slli_7         
0000c51e  __mspabi_slli_8         
0000c51c  __mspabi_slli_9         
0000c40a  __mspabi_srli           
0000c450  __mspabi_srli_1         
0000c42c  __mspabi_srli_10        
0000c428  __mspabi_srli_11        
0000c424  __mspabi_srli_12        
0000c420  __mspabi_srli_13        
0000c41c  __mspabi_srli_14        
0000c418  __mspabi_srli_15        
0000c44c  __mspabi_srli_2         
0000c448  __mspabi_srli_3         
0000c444  __mspabi_srli_4         
0000c440  __mspabi_srli_5         
0000c43c  __mspabi_srli_6         
0000c438  __mspabi_srli_7         
0000c434  __mspabi_srli_8         
0000c430  __mspabi_srli_9         
0000c1cc  _auto_init              
0000c572  _c_int00_noargs_noexit  
0000fffe  _reset_vector           
000003b0  _stack                  
0000c648  _system_post_cinit      
0000c642  _system_pre_init        
0000c63c  abort                   
0000c2fa  begin                   
0000c23a  car_position            
0000c358  copy_in                 
0000024a  display_map             
00000280  distance                
0000c29a  end                     
00000282  first_pulse             
0000025c  game_map                
00000254  i                       
0000c58c  image_copy              
00000256  k                       
00000284  led_control             
0000c0cc  main                    
0000c554  map_copy                
0000c60a  memcpy                  
00000258  n                       
0000c000  play                    
0000028c  sad                     
00000294  smile                   
0000025a  star                    
0000c3b2  sys_init                
00000200  sys_params              
0000027c  t1                      
0000027e  t2                      
0000029c  test_off                
000002a4  test_on                 
0000c456  timer0                  


GLOBAL SYMBOLS: SORTED BY Symbol Address 

address   name                    
-------   ----                    
00000000  IE1                     
00000001  IE2                     
00000002  IFG1                    
00000003  IFG2                    
00000010  P3REN                   
00000018  P3IN                    
00000019  P3OUT                   
0000001a  P3DIR                   
0000001b  P3SEL                   
00000020  P1IN                    
00000021  P1OUT                   
00000022  P1DIR                   
00000023  P1IFG                   
00000024  P1IES                   
00000025  P1IE                    
00000026  P1SEL                   
00000027  P1REN                   
00000028  P2IN                    
00000029  P2OUT                   
0000002a  P2DIR                   
0000002b  P2IFG                   
0000002c  P2IES                   
0000002d  P2IE                    
0000002e  P2SEL                   
0000002f  P2REN                   
00000041  P1SEL2                  
00000042  P2SEL2                  
00000043  P3SEL2                  
00000048  ADC10DTC0               
00000049  ADC10DTC1               
0000004a  ADC10AE0                
00000050  __STACK_SIZE            
00000053  BCSCTL3                 
00000056  DCOCTL                  
00000057  BCSCTL1                 
00000058  BCSCTL2                 
00000059  CACTL1                  
0000005a  CACTL2                  
0000005b  CAPD                    
0000005d  UCA0ABCTL               
0000005e  UCA0IRTCTL              
0000005f  UCA0IRRCTL              
00000060  UCA0CTL0                
00000061  UCA0CTL1                
00000062  UCA0BR0                 
00000063  UCA0BR1                 
00000064  UCA0MCTL                
00000065  UCA0STAT                
00000066  UCA0RXBUF               
00000067  UCA0TXBUF               
00000068  UCB0CTL0                
00000069  UCB0CTL1                
0000006a  UCB0BR0                 
0000006b  UCB0BR1                 
0000006c  UCB0I2CIE               
0000006d  UCB0STAT                
0000006e  UCB0RXBUF               
0000006f  UCB0TXBUF               
00000118  UCB0I2COA               
0000011a  UCB0I2CSA               
0000011e  TA1IV                   
00000120  WDTCTL                  
00000128  FCTL1                   
0000012a  FCTL2                   
0000012c  FCTL3                   
0000012e  TA0IV                   
00000160  TA0CTL                  
00000162  TA0CCTL0                
00000164  TA0CCTL1                
00000166  TA0CCTL2                
00000170  TA0R                    
00000172  TA0CCR0                 
00000174  TA0CCR1                 
00000176  TA0CCR2                 
00000180  TA1CTL                  
00000182  TA1CCTL0                
00000184  TA1CCTL1                
00000186  TA1CCTL2                
00000190  TA1R                    
00000192  TA1CCR0                 
00000194  TA1CCR1                 
00000196  TA1CCR2                 
000001b0  ADC10CTL0               
000001b2  ADC10CTL1               
000001b4  ADC10MEM                
000001bc  ADC10SA                 
00000200  sys_params              
0000024a  display_map             
00000252  Car_P                   
00000254  i                       
00000256  k                       
00000258  n                       
0000025a  star                    
0000025c  game_map                
0000027c  t1                      
0000027e  t2                      
00000280  distance                
00000282  first_pulse             
00000284  led_control             
0000028c  sad                     
00000294  smile                   
0000029c  test_off                
000002a4  test_on                 
000003b0  _stack                  
00000400  __STACK_END             
000010c0  TLV_CHECKSUM            
000010da  TLV_ADC10_1_TAG         
000010db  TLV_ADC10_1_LEN         
000010f6  TLV_DCO_30_TAG          
000010f7  TLV_DCO_30_LEN          
000010f8  CALDCO_16MHZ            
000010f9  CALBC1_16MHZ            
000010fa  CALDCO_12MHZ            
000010fb  CALBC1_12MHZ            
000010fc  CALDCO_8MHZ             
000010fd  CALBC1_8MHZ             
000010fe  CALDCO_1MHZ             
000010ff  CALBC1_1MHZ             
0000c000  play                    
0000c0cc  main                    
0000c150  __TI_decompress_lzss    
0000c1cc  _auto_init              
0000c23a  car_position            
0000c29a  end                     
0000c2fa  begin                   
0000c358  copy_in                 
0000c3b2  sys_init                
0000c40a  __mspabi_srli           
0000c418  __mspabi_srli_15        
0000c41c  __mspabi_srli_14        
0000c420  __mspabi_srli_13        
0000c424  __mspabi_srli_12        
0000c428  __mspabi_srli_11        
0000c42c  __mspabi_srli_10        
0000c430  __mspabi_srli_9         
0000c434  __mspabi_srli_8         
0000c438  __mspabi_srli_7         
0000c43c  __mspabi_srli_6         
0000c440  __mspabi_srli_5         
0000c444  __mspabi_srli_4         
0000c448  __mspabi_srli_3         
0000c44c  __mspabi_srli_2         
0000c450  __mspabi_srli_1         
0000c456  timer0                  
0000c4a0  Config_SPI_A            
0000c4d8  __mspabi_divi           
0000c4d8  __mspabi_remi           
0000c504  __mspabi_slli           
0000c510  __mspabi_slli_15        
0000c512  __mspabi_slli_14        
0000c514  __mspabi_slli_13        
0000c516  __mspabi_slli_12        
0000c518  __mspabi_slli_11        
0000c51a  __mspabi_slli_10        
0000c51c  __mspabi_slli_9         
0000c51e  __mspabi_slli_8         
0000c520  __mspabi_slli_7         
0000c522  __mspabi_slli_6         
0000c524  __mspabi_slli_5         
0000c526  __mspabi_slli_4         
0000c528  __mspabi_slli_3         
0000c52a  __mspabi_slli_2         
0000c52c  __mspabi_slli_1         
0000c530  Send_byte_A             
0000c554  map_copy                
0000c572  _c_int00_noargs_noexit  
0000c58c  image_copy              
0000c5a6  __mspabi_divu           
0000c5a6  __mspabi_remu           
0000c5bc  BUTTON_Interrupt_Handle 
0000c5d0  __TI_zero_init          
0000c5e4  __mspabi_mpyi           
0000c5e4  __mspabi_mpyi_sw        
0000c5f8  __TI_decompress_none    
0000c60a  memcpy                  
0000c61c  __mspabi_func_epilog_7  
0000c61e  __mspabi_func_epilog_6  
0000c620  __mspabi_func_epilog_5  
0000c622  __mspabi_func_epilog_4  
0000c624  __mspabi_func_epilog_3  
0000c626  __mspabi_func_epilog_2  
0000c628  __mspabi_func_epilog_1  
0000c62c  Config_stop_WDT         
0000c634  __TI_ISR_TRAP           
0000c63c  C$$EXIT                 
0000c63c  abort                   
0000c642  _system_pre_init        
0000c646  USCI0RX_ISR             
0000c648  _system_post_cinit      
0000c68c  __TI_Handler_Table_Base 
0000c692  __TI_Handler_Table_Limit
0000c696  __TI_CINIT_Base         
0000c69e  __TI_CINIT_Limit        
0000ffe0  __TI_int00              
0000ffe4  __TI_int02              
0000ffe6  __TI_int03              
0000ffea  __TI_int05              
0000ffec  __TI_int06              
0000ffee  __TI_int07              
0000fff0  __TI_int08              
0000fff2  __TI_int09              
0000fff4  __TI_int10              
0000fff6  __TI_int11              
0000fff8  __TI_int12              
0000fffa  __TI_int13              
0000fffc  __TI_int14              
0000fffe  _reset_vector           
ffffffff  __TI_pprof_out_hndl     
ffffffff  __TI_prof_data_size     
ffffffff  __TI_prof_data_start    
ffffffff  __c_args__              
UNDEFED   __TI_BINIT_Base         
UNDEFED   __TI_BINIT_Limit        
UNDEFED   __TI_INITARRAY_Base     
UNDEFED   __TI_INITARRAY_Limit    

[215 symbols]
