<?xml version="1.0"?>
<link_info>
   <banner>MSP430 Linker PC v4.4.5</banner>
   <copyright>Copyright (c) 2003-2015 Texas Instruments Incorporated</copyright>
   <link_time>0x5bd5e895</link_time>
   <link_errors>0x0</link_errors>
   <output_file>MSP430_FLAPPY_BIRD1.out</output_file>
   <entry_point>
      <name>_c_int00_noargs_noexit</name>
      <address>0xc50c</address>
   </entry_point>
   <input_file_list>
      <input_file id="fl-2">
         <path>.\</path>
         <kind>object</kind>
         <file>main.obj</file>
         <name>main.obj</name>
      </input_file>
      <input_file id="fl-3">
         <path>.\lib\</path>
         <kind>object</kind>
         <file>ADC.obj</file>
         <name>ADC.obj</name>
      </input_file>
      <input_file id="fl-4">
         <path>.\lib\</path>
         <kind>object</kind>
         <file>GPIO_CLOCK.obj</file>
         <name>GPIO_CLOCK.obj</name>
      </input_file>
      <input_file id="fl-5">
         <path>.\lib\</path>
         <kind>object</kind>
         <file>I2C.obj</file>
         <name>I2C.obj</name>
      </input_file>
      <input_file id="fl-6">
         <path>.\lib\</path>
         <kind>object</kind>
         <file>SPI.obj</file>
         <name>SPI.obj</name>
      </input_file>
      <input_file id="fl-7">
         <path>.\lib\</path>
         <kind>object</kind>
         <file>TIMER.obj</file>
         <name>TIMER.obj</name>
      </input_file>
      <input_file id="fl-8">
         <path>.\lib\</path>
         <kind>object</kind>
         <file>UART.obj</file>
         <name>UART.obj</name>
      </input_file>
      <input_file id="fl-9">
         <path>.\lib\</path>
         <kind>object</kind>
         <file>data.obj</file>
         <name>data.obj</name>
      </input_file>
      <input_file id="fl-a">
         <path>.\lib\</path>
         <kind>object</kind>
         <file>flappy.obj</file>
         <name>flappy.obj</name>
      </input_file>
      <input_file id="fl-39">
         <path>D:\New folder (3)\CCS1\ccsv6\tools\compiler\ti-cgt-msp430_4.4.5\lib\</path>
         <kind>archive</kind>
         <file>rts430_eabi.lib</file>
         <name>asr16.obj</name>
      </input_file>
      <input_file id="fl-3a">
         <path>D:\New folder (3)\CCS1\ccsv6\tools\compiler\ti-cgt-msp430_4.4.5\lib\</path>
         <kind>archive</kind>
         <file>rts430_eabi.lib</file>
         <name>boot.obj</name>
      </input_file>
      <input_file id="fl-3b">
         <path>D:\New folder (3)\CCS1\ccsv6\tools\compiler\ti-cgt-msp430_4.4.5\lib\</path>
         <kind>archive</kind>
         <file>rts430_eabi.lib</file>
         <name>boot_special.obj</name>
      </input_file>
      <input_file id="fl-3c">
         <path>D:\New folder (3)\CCS1\ccsv6\tools\compiler\ti-cgt-msp430_4.4.5\lib\</path>
         <kind>archive</kind>
         <file>rts430_eabi.lib</file>
         <name>copy_decompress_none.obj</name>
      </input_file>
      <input_file id="fl-3d">
         <path>D:\New folder (3)\CCS1\ccsv6\tools\compiler\ti-cgt-msp430_4.4.5\lib\</path>
         <kind>archive</kind>
         <file>rts430_eabi.lib</file>
         <name>copy_decompress_rle.obj</name>
      </input_file>
      <input_file id="fl-3e">
         <path>D:\New folder (3)\CCS1\ccsv6\tools\compiler\ti-cgt-msp430_4.4.5\lib\</path>
         <kind>archive</kind>
         <file>rts430_eabi.lib</file>
         <name>copy_zero_init.obj</name>
      </input_file>
      <input_file id="fl-3f">
         <path>D:\New folder (3)\CCS1\ccsv6\tools\compiler\ti-cgt-msp430_4.4.5\lib\</path>
         <kind>archive</kind>
         <file>rts430_eabi.lib</file>
         <name>div16s.obj</name>
      </input_file>
      <input_file id="fl-40">
         <path>D:\New folder (3)\CCS1\ccsv6\tools\compiler\ti-cgt-msp430_4.4.5\lib\</path>
         <kind>archive</kind>
         <file>rts430_eabi.lib</file>
         <name>div16u.obj</name>
      </input_file>
      <input_file id="fl-41">
         <path>D:\New folder (3)\CCS1\ccsv6\tools\compiler\ti-cgt-msp430_4.4.5\lib\</path>
         <kind>archive</kind>
         <file>rts430_eabi.lib</file>
         <name>div32s.obj</name>
      </input_file>
      <input_file id="fl-42">
         <path>D:\New folder (3)\CCS1\ccsv6\tools\compiler\ti-cgt-msp430_4.4.5\lib\</path>
         <kind>archive</kind>
         <file>rts430_eabi.lib</file>
         <name>div32u.obj</name>
      </input_file>
      <input_file id="fl-43">
         <path>D:\New folder (3)\CCS1\ccsv6\tools\compiler\ti-cgt-msp430_4.4.5\lib\</path>
         <kind>archive</kind>
         <file>rts430_eabi.lib</file>
         <name>epilog.obj</name>
      </input_file>
      <input_file id="fl-44">
         <path>D:\New folder (3)\CCS1\ccsv6\tools\compiler\ti-cgt-msp430_4.4.5\lib\</path>
         <kind>archive</kind>
         <file>rts430_eabi.lib</file>
         <name>exit.obj</name>
      </input_file>
      <input_file id="fl-45">
         <path>D:\New folder (3)\CCS1\ccsv6\tools\compiler\ti-cgt-msp430_4.4.5\lib\</path>
         <kind>archive</kind>
         <file>rts430_eabi.lib</file>
         <name>exit_gvars.obj</name>
      </input_file>
      <input_file id="fl-46">
         <path>D:\New folder (3)\CCS1\ccsv6\tools\compiler\ti-cgt-msp430_4.4.5\lib\</path>
         <kind>archive</kind>
         <file>rts430_eabi.lib</file>
         <name>int00.obj</name>
      </input_file>
      <input_file id="fl-47">
         <path>D:\New folder (3)\CCS1\ccsv6\tools\compiler\ti-cgt-msp430_4.4.5\lib\</path>
         <kind>archive</kind>
         <file>rts430_eabi.lib</file>
         <name>int02.obj</name>
      </input_file>
      <input_file id="fl-48">
         <path>D:\New folder (3)\CCS1\ccsv6\tools\compiler\ti-cgt-msp430_4.4.5\lib\</path>
         <kind>archive</kind>
         <file>rts430_eabi.lib</file>
         <name>int05.obj</name>
      </input_file>
      <input_file id="fl-49">
         <path>D:\New folder (3)\CCS1\ccsv6\tools\compiler\ti-cgt-msp430_4.4.5\lib\</path>
         <kind>archive</kind>
         <file>rts430_eabi.lib</file>
         <name>int06.obj</name>
      </input_file>
      <input_file id="fl-4a">
         <path>D:\New folder (3)\CCS1\ccsv6\tools\compiler\ti-cgt-msp430_4.4.5\lib\</path>
         <kind>archive</kind>
         <file>rts430_eabi.lib</file>
         <name>int08.obj</name>
      </input_file>
      <input_file id="fl-4b">
         <path>D:\New folder (3)\CCS1\ccsv6\tools\compiler\ti-cgt-msp430_4.4.5\lib\</path>
         <kind>archive</kind>
         <file>rts430_eabi.lib</file>
         <name>int09.obj</name>
      </input_file>
      <input_file id="fl-4c">
         <path>D:\New folder (3)\CCS1\ccsv6\tools\compiler\ti-cgt-msp430_4.4.5\lib\</path>
         <kind>archive</kind>
         <file>rts430_eabi.lib</file>
         <name>int10.obj</name>
      </input_file>
      <input_file id="fl-4d">
         <path>D:\New folder (3)\CCS1\ccsv6\tools\compiler\ti-cgt-msp430_4.4.5\lib\</path>
         <kind>archive</kind>
         <file>rts430_eabi.lib</file>
         <name>int11.obj</name>
      </input_file>
      <input_file id="fl-4e">
         <path>D:\New folder (3)\CCS1\ccsv6\tools\compiler\ti-cgt-msp430_4.4.5\lib\</path>
         <kind>archive</kind>
         <file>rts430_eabi.lib</file>
         <name>int12.obj</name>
      </input_file>
      <input_file id="fl-4f">
         <path>D:\New folder (3)\CCS1\ccsv6\tools\compiler\ti-cgt-msp430_4.4.5\lib\</path>
         <kind>archive</kind>
         <file>rts430_eabi.lib</file>
         <name>int13.obj</name>
      </input_file>
      <input_file id="fl-50">
         <path>D:\New folder (3)\CCS1\ccsv6\tools\compiler\ti-cgt-msp430_4.4.5\lib\</path>
         <kind>archive</kind>
         <file>rts430_eabi.lib</file>
         <name>int14.obj</name>
      </input_file>
      <input_file id="fl-51">
         <path>D:\New folder (3)\CCS1\ccsv6\tools\compiler\ti-cgt-msp430_4.4.5\lib\</path>
         <kind>archive</kind>
         <file>rts430_eabi.lib</file>
         <name>isr_trap.obj</name>
      </input_file>
      <input_file id="fl-52">
         <path>D:\New folder (3)\CCS1\ccsv6\tools\compiler\ti-cgt-msp430_4.4.5\lib\</path>
         <kind>archive</kind>
         <file>rts430_eabi.lib</file>
         <name>lsl16.obj</name>
      </input_file>
      <input_file id="fl-53">
         <path>D:\New folder (3)\CCS1\ccsv6\tools\compiler\ti-cgt-msp430_4.4.5\lib\</path>
         <kind>archive</kind>
         <file>rts430_eabi.lib</file>
         <name>lsl32.obj</name>
      </input_file>
      <input_file id="fl-54">
         <path>D:\New folder (3)\CCS1\ccsv6\tools\compiler\ti-cgt-msp430_4.4.5\lib\</path>
         <kind>archive</kind>
         <file>rts430_eabi.lib</file>
         <name>lsr16.obj</name>
      </input_file>
      <input_file id="fl-55">
         <path>D:\New folder (3)\CCS1\ccsv6\tools\compiler\ti-cgt-msp430_4.4.5\lib\</path>
         <kind>archive</kind>
         <file>rts430_eabi.lib</file>
         <name>memcpy.obj</name>
      </input_file>
      <input_file id="fl-56">
         <path>D:\New folder (3)\CCS1\ccsv6\tools\compiler\ti-cgt-msp430_4.4.5\lib\</path>
         <kind>archive</kind>
         <file>rts430_eabi.lib</file>
         <name>mpu_init.obj</name>
      </input_file>
      <input_file id="fl-57">
         <path>D:\New folder (3)\CCS1\ccsv6\tools\compiler\ti-cgt-msp430_4.4.5\lib\</path>
         <kind>archive</kind>
         <file>rts430_eabi.lib</file>
         <name>mult32.obj</name>
      </input_file>
      <input_file id="fl-58">
         <path>D:\New folder (3)\CCS1\ccsv6\tools\compiler\ti-cgt-msp430_4.4.5\lib\</path>
         <kind>archive</kind>
         <file>rts430_eabi.lib</file>
         <name>pre_init.obj</name>
      </input_file>
      <input_file id="fl-59">
         <path>D:\New folder (3)\CCS1\ccsv6\tools\compiler\ti-cgt-msp430_4.4.5\lib\</path>
         <kind>archive</kind>
         <file>rts430_eabi.lib</file>
         <name>_lock.obj</name>
      </input_file>
      <input_file id="fl-5a">
         <path>D:\New folder (3)\CCS1\ccsv6\tools\compiler\ti-cgt-msp430_4.4.5\lib\</path>
         <kind>archive</kind>
         <file>rts430_eabi.lib</file>
         <name>args_main.obj</name>
      </input_file>
      <input_file id="fl-5b">
         <path>D:\New folder (3)\CCS1\ccsv6\tools\compiler\ti-cgt-msp430_4.4.5\lib\</path>
         <kind>archive</kind>
         <file>rts430_eabi.lib</file>
         <name>autoinit.obj</name>
      </input_file>
   </input_file_list>
   <object_component_list>
      <object_component id="oc-115">
         <name>.common:sys_params</name>
         <uninitialized>true</uninitialized>
         <run_address>0x200</run_address>
         <size>0x54</size>
      </object_component>
      <object_component id="oc-1cb">
         <name>.common:display_map</name>
         <uninitialized>true</uninitialized>
         <run_address>0x254</run_address>
         <size>0x8</size>
      </object_component>
      <object_component id="oc-1c9">
         <name>.common:star</name>
         <uninitialized>true</uninitialized>
         <run_address>0x268</run_address>
         <size>0x2</size>
      </object_component>
      <object_component id="oc-1d2">
         <name>.common:n</name>
         <uninitialized>true</uninitialized>
         <run_address>0x266</run_address>
         <size>0x2</size>
      </object_component>
      <object_component id="oc-1c0">
         <name>.common:i</name>
         <uninitialized>true</uninitialized>
         <run_address>0x262</run_address>
         <size>0x2</size>
      </object_component>
      <object_component id="oc-1ca">
         <name>.common:k</name>
         <uninitialized>true</uninitialized>
         <run_address>0x264</run_address>
         <size>0x2</size>
      </object_component>
      <object_component id="oc-1e9">
         <name>.common:a</name>
         <uninitialized>true</uninitialized>
         <run_address>0x25c</run_address>
         <size>0x2</size>
      </object_component>
      <object_component id="oc-1f0">
         <name>.common:b</name>
         <uninitialized>true</uninitialized>
         <run_address>0x25e</run_address>
         <size>0x2</size>
      </object_component>
      <object_component id="oc-1c8">
         <name>.common:collisiontest</name>
         <uninitialized>true</uninitialized>
         <run_address>0x260</run_address>
         <size>0x2</size>
      </object_component>
      <object_component id="oc-1ea">
         <name>.common:counter</name>
         <uninitialized>true</uninitialized>
         <run_address>0x26a</run_address>
         <size>0x1</size>
      </object_component>
      <object_component id="oc-8d">
         <name>.stack</name>
         <uninitialized>true</uninitialized>
         <run_address>0x3b0</run_address>
         <size>0x2</size>
         <input_file_ref idref="fl-3a"/>
      </object_component>
      <object_component id="oc-231">
         <name>.stack</name>
         <uninitialized>true</uninitialized>
         <run_address>0x3b0</run_address>
         <size>0x0</size>
      </object_component>
      <object_component id="oc-15c">
         <name>.text:play</name>
         <load_address>0xc000</load_address>
         <run_address>0xc000</run_address>
         <size>0xe8</size>
         <input_file_ref idref="fl-a"/>
      </object_component>
      <object_component id="oc-1cc">
         <name>.text:position</name>
         <load_address>0xc0e8</load_address>
         <run_address>0xc0e8</run_address>
         <size>0xb2</size>
         <input_file_ref idref="fl-a"/>
      </object_component>
      <object_component id="oc-e3">
         <name>.text:main</name>
         <load_address>0xc19a</load_address>
         <run_address>0xc19a</run_address>
         <size>0x88</size>
         <input_file_ref idref="fl-2"/>
      </object_component>
      <object_component id="oc-9e">
         <name>.text:__TI_decompress_rle_core</name>
         <load_address>0xc222</load_address>
         <run_address>0xc222</run_address>
         <size>0x64</size>
         <input_file_ref idref="fl-3d"/>
      </object_component>
      <object_component id="oc-156">
         <name>.text:end</name>
         <load_address>0xc286</load_address>
         <run_address>0xc286</run_address>
         <size>0x60</size>
         <input_file_ref idref="fl-a"/>
      </object_component>
      <object_component id="oc-167">
         <name>.text:begin</name>
         <load_address>0xc2e6</load_address>
         <run_address>0xc2e6</run_address>
         <size>0x5e</size>
         <input_file_ref idref="fl-a"/>
      </object_component>
      <object_component id="oc-c9">
         <name>.text:_auto_init</name>
         <load_address>0xc344</load_address>
         <run_address>0xc344</run_address>
         <size>0x58</size>
         <input_file_ref idref="fl-5b"/>
      </object_component>
      <object_component id="oc-132">
         <name>.text:sys_init</name>
         <load_address>0xc39c</load_address>
         <run_address>0xc39c</run_address>
         <size>0x58</size>
         <input_file_ref idref="fl-a"/>
      </object_component>
      <object_component id="oc-1eb">
         <name>.text</name>
         <load_address>0xc3f4</load_address>
         <run_address>0xc3f4</run_address>
         <size>0x4c</size>
         <input_file_ref idref="fl-54"/>
      </object_component>
      <object_component id="oc-1ab">
         <name>.text:Config_SPI_A</name>
         <load_address>0xc440</load_address>
         <run_address>0xc440</run_address>
         <size>0x38</size>
         <input_file_ref idref="fl-6"/>
      </object_component>
      <object_component id="oc-162">
         <name>.text</name>
         <load_address>0xc478</load_address>
         <run_address>0xc478</run_address>
         <size>0x2c</size>
         <input_file_ref idref="fl-3f"/>
      </object_component>
      <object_component id="oc-b0">
         <name>.text:BUTTON_Interrupt_Handle</name>
         <load_address>0xc4a4</load_address>
         <run_address>0xc4a4</run_address>
         <size>0x26</size>
         <input_file_ref idref="fl-a"/>
      </object_component>
      <object_component id="oc-1c1">
         <name>.text:Send_byte_A</name>
         <load_address>0xc4ca</load_address>
         <run_address>0xc4ca</run_address>
         <size>0x24</size>
         <input_file_ref idref="fl-6"/>
      </object_component>
      <object_component id="oc-150">
         <name>.text:map_copy</name>
         <load_address>0xc4ee</load_address>
         <run_address>0xc4ee</run_address>
         <size>0x1e</size>
         <input_file_ref idref="fl-a"/>
      </object_component>
      <object_component id="oc-69">
         <name>.text:_c_int00_noargs_noexit</name>
         <load_address>0xc50c</load_address>
         <run_address>0xc50c</run_address>
         <size>0x1a</size>
         <input_file_ref idref="fl-3b"/>
      </object_component>
      <object_component id="oc-13b">
         <name>.text:image_copy</name>
         <load_address>0xc526</load_address>
         <run_address>0xc526</run_address>
         <size>0x1a</size>
         <input_file_ref idref="fl-a"/>
      </object_component>
      <object_component id="oc-1d7">
         <name>.text</name>
         <load_address>0xc540</load_address>
         <run_address>0xc540</run_address>
         <size>0x16</size>
         <input_file_ref idref="fl-40"/>
      </object_component>
      <object_component id="oc-4b">
         <name>.text:decompress:ZI:__TI_zero_init</name>
         <load_address>0xc556</load_address>
         <run_address>0xc556</run_address>
         <size>0x14</size>
         <input_file_ref idref="fl-3e"/>
      </object_component>
      <object_component id="oc-32">
         <name>.text:decompress:none:__TI_decompress_none</name>
         <load_address>0xc56a</load_address>
         <run_address>0xc56a</run_address>
         <size>0x12</size>
         <input_file_ref idref="fl-3c"/>
      </object_component>
      <object_component id="oc-91">
         <name>.text:memcpy</name>
         <load_address>0xc57c</load_address>
         <run_address>0xc57c</run_address>
         <size>0x12</size>
         <input_file_ref idref="fl-55"/>
      </object_component>
      <object_component id="oc-10c">
         <name>.text</name>
         <load_address>0xc58e</load_address>
         <run_address>0xc58e</run_address>
         <size>0x10</size>
         <input_file_ref idref="fl-43"/>
      </object_component>
      <object_component id="oc-1a5">
         <name>.text:Config_stop_WDT</name>
         <load_address>0xc59e</load_address>
         <run_address>0xc59e</run_address>
         <size>0x8</size>
         <input_file_ref idref="fl-4"/>
      </object_component>
      <object_component id="oc-ab">
         <name>.text:_isr:__TI_ISR_TRAP</name>
         <load_address>0xc5a6</load_address>
         <run_address>0xc5a6</run_address>
         <size>0x6</size>
         <input_file_ref idref="fl-51"/>
      </object_component>
      <object_component id="oc-38">
         <name>.text:decompress:rle24:__TI_decompress_rle24</name>
         <load_address>0xc5ac</load_address>
         <run_address>0xc5ac</run_address>
         <size>0x6</size>
         <input_file_ref idref="fl-3d"/>
      </object_component>
      <object_component id="oc-c3">
         <name>.text:_system_pre_init</name>
         <load_address>0xc5b2</load_address>
         <run_address>0xc5b2</run_address>
         <size>0x4</size>
         <input_file_ref idref="fl-58"/>
      </object_component>
      <object_component id="oc-eb">
         <name>.text:abort</name>
         <load_address>0xc5b6</load_address>
         <run_address>0xc5b6</run_address>
         <size>0x4</size>
         <input_file_ref idref="fl-44"/>
      </object_component>
      <object_component id="oc-b6">
         <name>.text:USCI0RX_ISR</name>
         <load_address>0xc5ba</load_address>
         <run_address>0xc5ba</run_address>
         <size>0x2</size>
         <input_file_ref idref="fl-8"/>
      </object_component>
      <object_component id="oc-230">
         <name>.cinit..data.load</name>
         <load_address>0xc5bc</load_address>
         <run_address>0xc5bc</run_address>
         <size>0x4b</size>
      </object_component>
      <object_component id="oc-22d">
         <name>__TI_handler_table</name>
         <load_address>0xc608</load_address>
         <run_address>0xc608</run_address>
         <size>0x6</size>
      </object_component>
      <object_component id="oc-22f">
         <name>.cinit..bss.load</name>
         <load_address>0xc60e</load_address>
         <run_address>0xc60e</run_address>
         <size>0x4</size>
      </object_component>
      <object_component id="oc-22e">
         <name>__TI_cinit_table</name>
         <load_address>0xc612</load_address>
         <run_address>0xc612</run_address>
         <size>0x8</size>
      </object_component>
      <object_component id="oc-3e">
         <name>.int00</name>
         <load_address>0xffe0</load_address>
         <run_address>0xffe0</run_address>
         <size>0x2</size>
         <input_file_ref idref="fl-46"/>
      </object_component>
      <object_component id="oc-3f">
         <name>.int02</name>
         <load_address>0xffe4</load_address>
         <run_address>0xffe4</run_address>
         <size>0x2</size>
         <input_file_ref idref="fl-47"/>
      </object_component>
      <object_component id="oc-40">
         <name>.int03</name>
         <load_address>0xffe6</load_address>
         <run_address>0xffe6</run_address>
         <size>0x2</size>
         <input_file_ref idref="fl-a"/>
      </object_component>
      <object_component id="oc-41">
         <name>.int05</name>
         <load_address>0xffea</load_address>
         <run_address>0xffea</run_address>
         <size>0x2</size>
         <input_file_ref idref="fl-48"/>
      </object_component>
      <object_component id="oc-42">
         <name>.int06</name>
         <load_address>0xffec</load_address>
         <run_address>0xffec</run_address>
         <size>0x2</size>
         <input_file_ref idref="fl-49"/>
      </object_component>
      <object_component id="oc-43">
         <name>.int07</name>
         <load_address>0xffee</load_address>
         <run_address>0xffee</run_address>
         <size>0x2</size>
         <input_file_ref idref="fl-8"/>
      </object_component>
      <object_component id="oc-44">
         <name>.int08</name>
         <load_address>0xfff0</load_address>
         <run_address>0xfff0</run_address>
         <size>0x2</size>
         <input_file_ref idref="fl-4a"/>
      </object_component>
      <object_component id="oc-45">
         <name>.int09</name>
         <load_address>0xfff2</load_address>
         <run_address>0xfff2</run_address>
         <size>0x2</size>
         <input_file_ref idref="fl-4b"/>
      </object_component>
      <object_component id="oc-46">
         <name>.int10</name>
         <load_address>0xfff4</load_address>
         <run_address>0xfff4</run_address>
         <size>0x2</size>
         <input_file_ref idref="fl-4c"/>
      </object_component>
      <object_component id="oc-47">
         <name>.int11</name>
         <load_address>0xfff6</load_address>
         <run_address>0xfff6</run_address>
         <size>0x2</size>
         <input_file_ref idref="fl-4d"/>
      </object_component>
      <object_component id="oc-48">
         <name>.int12</name>
         <load_address>0xfff8</load_address>
         <run_address>0xfff8</run_address>
         <size>0x2</size>
         <input_file_ref idref="fl-4e"/>
      </object_component>
      <object_component id="oc-49">
         <name>.int13</name>
         <load_address>0xfffa</load_address>
         <run_address>0xfffa</run_address>
         <size>0x2</size>
         <input_file_ref idref="fl-4f"/>
      </object_component>
      <object_component id="oc-4a">
         <name>.int14</name>
         <load_address>0xfffc</load_address>
         <run_address>0xfffc</run_address>
         <size>0x2</size>
         <input_file_ref idref="fl-50"/>
      </object_component>
      <object_component id="oc-90">
         <name>.reset</name>
         <load_address>0xfffe</load_address>
         <run_address>0xfffe</run_address>
         <size>0x2</size>
         <input_file_ref idref="fl-3a"/>
      </object_component>
      <object_component id="oc-14d">
         <name>.data:game_map</name>
         <load_address>0x26c</load_address>
         <run_address>0x26c</run_address>
         <size>0x20</size>
         <input_file_ref idref="fl-2"/>
      </object_component>
      <object_component id="oc-138">
         <name>.data:smile</name>
         <load_address>0x2ae</load_address>
         <run_address>0x2ae</run_address>
         <size>0x8</size>
         <input_file_ref idref="fl-2"/>
      </object_component>
      <object_component id="oc-141">
         <name>.data:sad</name>
         <load_address>0x2a6</load_address>
         <run_address>0x2a6</run_address>
         <size>0x8</size>
         <input_file_ref idref="fl-2"/>
      </object_component>
      <object_component id="oc-144">
         <name>.data:led_control</name>
         <load_address>0x29e</load_address>
         <run_address>0x29e</run_address>
         <size>0x8</size>
         <input_file_ref idref="fl-2"/>
      </object_component>
      <object_component id="oc-14a">
         <name>.data:test_on</name>
         <load_address>0x2be</load_address>
         <run_address>0x2be</run_address>
         <size>0x8</size>
         <input_file_ref idref="fl-2"/>
      </object_component>
      <object_component id="oc-147">
         <name>.data:test_off</name>
         <load_address>0x2b6</load_address>
         <run_address>0x2b6</run_address>
         <size>0x8</size>
         <input_file_ref idref="fl-2"/>
      </object_component>
      <object_component id="oc-1e6">
         <name>.data</name>
         <load_address>0x28c</load_address>
         <run_address>0x28c</run_address>
         <size>0xa</size>
         <input_file_ref idref="fl-a"/>
      </object_component>
      <object_component id="oc-1d3">
         <name>.data:bird</name>
         <load_address>0x296</load_address>
         <run_address>0x296</run_address>
         <size>0x8</size>
         <input_file_ref idref="fl-a"/>
      </object_component>
      <object_component id="oc-116">
         <name>.debug_info</name>
         <load_address>0x0</load_address>
         <run_address>0x0</run_address>
         <size>0x253</size>
         <input_file_ref idref="fl-2"/>
      </object_component>
      <object_component id="oc-14e">
         <name>.debug_info</name>
         <load_address>0x253</load_address>
         <run_address>0x253</run_address>
         <size>0xce</size>
         <input_file_ref idref="fl-2"/>
      </object_component>
      <object_component id="oc-139">
         <name>.debug_info</name>
         <load_address>0x321</load_address>
         <run_address>0x321</run_address>
         <size>0xc8</size>
         <input_file_ref idref="fl-2"/>
      </object_component>
      <object_component id="oc-142">
         <name>.debug_info</name>
         <load_address>0x3e9</load_address>
         <run_address>0x3e9</run_address>
         <size>0xc4</size>
         <input_file_ref idref="fl-2"/>
      </object_component>
      <object_component id="oc-145">
         <name>.debug_info</name>
         <load_address>0x4ad</load_address>
         <run_address>0x4ad</run_address>
         <size>0xd4</size>
         <input_file_ref idref="fl-2"/>
      </object_component>
      <object_component id="oc-14b">
         <name>.debug_info</name>
         <load_address>0x581</load_address>
         <run_address>0x581</run_address>
         <size>0xcc</size>
         <input_file_ref idref="fl-2"/>
      </object_component>
      <object_component id="oc-148">
         <name>.debug_info</name>
         <load_address>0x64d</load_address>
         <run_address>0x64d</run_address>
         <size>0xce</size>
         <input_file_ref idref="fl-2"/>
      </object_component>
      <object_component id="oc-e4">
         <name>.debug_info</name>
         <load_address>0x71b</load_address>
         <run_address>0x71b</run_address>
         <size>0x192</size>
         <input_file_ref idref="fl-2"/>
      </object_component>
      <object_component id="oc-174">
         <name>.debug_info</name>
         <load_address>0x8ad</load_address>
         <run_address>0x8ad</run_address>
         <size>0x112</size>
         <input_file_ref idref="fl-2"/>
      </object_component>
      <object_component id="oc-179">
         <name>.debug_info</name>
         <load_address>0x9bf</load_address>
         <run_address>0x9bf</run_address>
         <size>0xae</size>
         <input_file_ref idref="fl-2"/>
      </object_component>
      <object_component id="oc-f9">
         <name>.debug_info</name>
         <load_address>0xa6d</load_address>
         <run_address>0xa6d</run_address>
         <size>0x84</size>
         <input_file_ref idref="fl-2"/>
      </object_component>
      <object_component id="oc-17e">
         <name>.debug_info</name>
         <load_address>0xaf1</load_address>
         <run_address>0xaf1</run_address>
         <size>0x18b</size>
         <input_file_ref idref="fl-2"/>
      </object_component>
      <object_component id="oc-1a7">
         <name>.debug_info</name>
         <load_address>0xc7c</load_address>
         <run_address>0xc7c</run_address>
         <size>0x124</size>
         <input_file_ref idref="fl-4"/>
      </object_component>
      <object_component id="oc-1af">
         <name>.debug_info</name>
         <load_address>0xda0</load_address>
         <run_address>0xda0</run_address>
         <size>0x109</size>
         <input_file_ref idref="fl-6"/>
      </object_component>
      <object_component id="oc-1c5">
         <name>.debug_info</name>
         <load_address>0xea9</load_address>
         <run_address>0xea9</run_address>
         <size>0x16e</size>
         <input_file_ref idref="fl-6"/>
      </object_component>
      <object_component id="oc-ba">
         <name>.debug_info</name>
         <load_address>0x1017</load_address>
         <run_address>0x1017</run_address>
         <size>0x10b</size>
         <input_file_ref idref="fl-8"/>
      </object_component>
      <object_component id="oc-118">
         <name>.debug_info</name>
         <load_address>0x1122</load_address>
         <run_address>0x1122</run_address>
         <size>0x586</size>
         <input_file_ref idref="fl-a"/>
      </object_component>
      <object_component id="oc-1e7">
         <name>.debug_info</name>
         <load_address>0x16a8</load_address>
         <run_address>0x16a8</run_address>
         <size>0x179</size>
         <input_file_ref idref="fl-a"/>
      </object_component>
      <object_component id="oc-1d4">
         <name>.debug_info</name>
         <load_address>0x1821</load_address>
         <run_address>0x1821</run_address>
         <size>0xcc</size>
         <input_file_ref idref="fl-a"/>
      </object_component>
      <object_component id="oc-135">
         <name>.debug_info</name>
         <load_address>0x18ed</load_address>
         <run_address>0x18ed</run_address>
         <size>0x133</size>
         <input_file_ref idref="fl-a"/>
      </object_component>
      <object_component id="oc-16a">
         <name>.debug_info</name>
         <load_address>0x1a20</load_address>
         <run_address>0x1a20</run_address>
         <size>0x164</size>
         <input_file_ref idref="fl-a"/>
      </object_component>
      <object_component id="oc-159">
         <name>.debug_info</name>
         <load_address>0x1b84</load_address>
         <run_address>0x1b84</run_address>
         <size>0x160</size>
         <input_file_ref idref="fl-a"/>
      </object_component>
      <object_component id="oc-15f">
         <name>.debug_info</name>
         <load_address>0x1ce4</load_address>
         <run_address>0x1ce4</run_address>
         <size>0x184</size>
         <input_file_ref idref="fl-a"/>
      </object_component>
      <object_component id="oc-1cf">
         <name>.debug_info</name>
         <load_address>0x1e68</load_address>
         <run_address>0x1e68</run_address>
         <size>0x15c</size>
         <input_file_ref idref="fl-a"/>
      </object_component>
      <object_component id="oc-13e">
         <name>.debug_info</name>
         <load_address>0x1fc4</load_address>
         <run_address>0x1fc4</run_address>
         <size>0x145</size>
         <input_file_ref idref="fl-a"/>
      </object_component>
      <object_component id="oc-153">
         <name>.debug_info</name>
         <load_address>0x2109</load_address>
         <run_address>0x2109</run_address>
         <size>0x141</size>
         <input_file_ref idref="fl-a"/>
      </object_component>
      <object_component id="oc-b3">
         <name>.debug_info</name>
         <load_address>0x224a</load_address>
         <run_address>0x224a</run_address>
         <size>0x129</size>
         <input_file_ref idref="fl-a"/>
      </object_component>
      <object_component id="oc-8e">
         <name>.debug_info</name>
         <load_address>0x2373</load_address>
         <run_address>0x2373</run_address>
         <size>0xd6</size>
         <input_file_ref idref="fl-3a"/>
      </object_component>
      <object_component id="oc-6b">
         <name>.debug_info</name>
         <load_address>0x2449</load_address>
         <run_address>0x2449</run_address>
         <size>0x177</size>
         <input_file_ref idref="fl-3b"/>
      </object_component>
      <object_component id="oc-9d">
         <name>.debug_info</name>
         <load_address>0x25c0</load_address>
         <run_address>0x25c0</run_address>
         <size>0x193</size>
         <input_file_ref idref="fl-3c"/>
      </object_component>
      <object_component id="oc-33">
         <name>.debug_info</name>
         <load_address>0x2753</load_address>
         <run_address>0x2753</run_address>
         <size>0x1c0</size>
         <input_file_ref idref="fl-3c"/>
      </object_component>
      <object_component id="oc-98">
         <name>.debug_info</name>
         <load_address>0x2913</load_address>
         <run_address>0x2913</run_address>
         <size>0x46</size>
         <input_file_ref idref="fl-3c"/>
      </object_component>
      <object_component id="oc-105">
         <name>.debug_info</name>
         <load_address>0x2959</load_address>
         <run_address>0x2959</run_address>
         <size>0x2c</size>
         <input_file_ref idref="fl-3c"/>
      </object_component>
      <object_component id="oc-a5">
         <name>.debug_info</name>
         <load_address>0x2985</load_address>
         <run_address>0x2985</run_address>
         <size>0x155</size>
         <input_file_ref idref="fl-3d"/>
      </object_component>
      <object_component id="oc-a0">
         <name>.debug_info</name>
         <load_address>0x2ada</load_address>
         <run_address>0x2ada</run_address>
         <size>0x21b</size>
         <input_file_ref idref="fl-3d"/>
      </object_component>
      <object_component id="oc-3c">
         <name>.debug_info</name>
         <load_address>0x2cf5</load_address>
         <run_address>0x2cf5</run_address>
         <size>0x192</size>
         <input_file_ref idref="fl-3d"/>
      </object_component>
      <object_component id="oc-a6">
         <name>.debug_info</name>
         <load_address>0x2e87</load_address>
         <run_address>0x2e87</run_address>
         <size>0x39</size>
         <input_file_ref idref="fl-3d"/>
      </object_component>
      <object_component id="oc-c2">
         <name>.debug_info</name>
         <load_address>0x2ec0</load_address>
         <run_address>0x2ec0</run_address>
         <size>0x14b</size>
         <input_file_ref idref="fl-3e"/>
      </object_component>
      <object_component id="oc-4c">
         <name>.debug_info</name>
         <load_address>0x300b</load_address>
         <run_address>0x300b</run_address>
         <size>0x196</size>
         <input_file_ref idref="fl-3e"/>
      </object_component>
      <object_component id="oc-bd">
         <name>.debug_info</name>
         <load_address>0x31a1</load_address>
         <run_address>0x31a1</run_address>
         <size>0x46</size>
         <input_file_ref idref="fl-3e"/>
      </object_component>
      <object_component id="oc-100">
         <name>.debug_info</name>
         <load_address>0x31e7</load_address>
         <run_address>0x31e7</run_address>
         <size>0x2c</size>
         <input_file_ref idref="fl-3e"/>
      </object_component>
      <object_component id="oc-163">
         <name>.debug_info</name>
         <load_address>0x3213</load_address>
         <run_address>0x3213</run_address>
         <size>0x112</size>
         <input_file_ref idref="fl-3f"/>
      </object_component>
      <object_component id="oc-1d9">
         <name>.debug_info</name>
         <load_address>0x3325</load_address>
         <run_address>0x3325</run_address>
         <size>0xfe</size>
         <input_file_ref idref="fl-40"/>
      </object_component>
      <object_component id="oc-10d">
         <name>.debug_info</name>
         <load_address>0x3423</load_address>
         <run_address>0x3423</run_address>
         <size>0x10b</size>
         <input_file_ref idref="fl-43"/>
      </object_component>
      <object_component id="oc-ec">
         <name>.debug_info</name>
         <load_address>0x352e</load_address>
         <run_address>0x352e</run_address>
         <size>0xf8</size>
         <input_file_ref idref="fl-44"/>
      </object_component>
      <object_component id="oc-ac">
         <name>.debug_info</name>
         <load_address>0x3626</load_address>
         <run_address>0x3626</run_address>
         <size>0xec</size>
         <input_file_ref idref="fl-51"/>
      </object_component>
      <object_component id="oc-1ec">
         <name>.debug_info</name>
         <load_address>0x3712</load_address>
         <run_address>0x3712</run_address>
         <size>0xfd</size>
         <input_file_ref idref="fl-54"/>
      </object_component>
      <object_component id="oc-ff">
         <name>.debug_info</name>
         <load_address>0x380f</load_address>
         <run_address>0x380f</run_address>
         <size>0x14e</size>
         <input_file_ref idref="fl-55"/>
      </object_component>
      <object_component id="oc-93">
         <name>.debug_info</name>
         <load_address>0x395d</load_address>
         <run_address>0x395d</run_address>
         <size>0x172</size>
         <input_file_ref idref="fl-55"/>
      </object_component>
      <object_component id="oc-c5">
         <name>.debug_info</name>
         <load_address>0x3acf</load_address>
         <run_address>0x3acf</run_address>
         <size>0x129</size>
         <input_file_ref idref="fl-58"/>
      </object_component>
      <object_component id="oc-120">
         <name>.debug_info</name>
         <load_address>0x3bf8</load_address>
         <run_address>0x3bf8</run_address>
         <size>0x2ca</size>
         <input_file_ref idref="fl-5b"/>
      </object_component>
      <object_component id="oc-ca">
         <name>.debug_info</name>
         <load_address>0x3ec2</load_address>
         <run_address>0x3ec2</run_address>
         <size>0x17c</size>
         <input_file_ref idref="fl-5b"/>
      </object_component>
      <object_component id="oc-187">
         <name>.debug_info</name>
         <load_address>0x403e</load_address>
         <run_address>0x403e</run_address>
         <size>0x39</size>
         <input_file_ref idref="fl-5b"/>
      </object_component>
      <object_component id="oc-232">
         <name>.debug_info</name>
         <load_address>0x4077</load_address>
         <run_address>0x4077</run_address>
         <size>0xa4</size>
      </object_component>
      <object_component id="oc-173">
         <name>.debug_line</name>
         <load_address>0x0</load_address>
         <run_address>0x0</run_address>
         <size>0x44</size>
         <input_file_ref idref="fl-2"/>
      </object_component>
      <object_component id="oc-1be">
         <name>.debug_line</name>
         <load_address>0x44</load_address>
         <run_address>0x44</run_address>
         <size>0x2d</size>
         <input_file_ref idref="fl-2"/>
      </object_component>
      <object_component id="oc-1b3">
         <name>.debug_line</name>
         <load_address>0x71</load_address>
         <run_address>0x71</run_address>
         <size>0x2d</size>
         <input_file_ref idref="fl-2"/>
      </object_component>
      <object_component id="oc-1b6">
         <name>.debug_line</name>
         <load_address>0x9e</load_address>
         <run_address>0x9e</run_address>
         <size>0x2d</size>
         <input_file_ref idref="fl-2"/>
      </object_component>
      <object_component id="oc-1b8">
         <name>.debug_line</name>
         <load_address>0xcb</load_address>
         <run_address>0xcb</run_address>
         <size>0x2d</size>
         <input_file_ref idref="fl-2"/>
      </object_component>
      <object_component id="oc-1bc">
         <name>.debug_line</name>
         <load_address>0xf8</load_address>
         <run_address>0xf8</run_address>
         <size>0x2d</size>
         <input_file_ref idref="fl-2"/>
      </object_component>
      <object_component id="oc-1ba">
         <name>.debug_line</name>
         <load_address>0x125</load_address>
         <run_address>0x125</run_address>
         <size>0x2d</size>
         <input_file_ref idref="fl-2"/>
      </object_component>
      <object_component id="oc-e8">
         <name>.debug_line</name>
         <load_address>0x152</load_address>
         <run_address>0x152</run_address>
         <size>0x59</size>
         <input_file_ref idref="fl-2"/>
      </object_component>
      <object_component id="oc-177">
         <name>.debug_line</name>
         <load_address>0x1ab</load_address>
         <run_address>0x1ab</run_address>
         <size>0x33</size>
         <input_file_ref idref="fl-2"/>
      </object_component>
      <object_component id="oc-17c">
         <name>.debug_line</name>
         <load_address>0x1de</load_address>
         <run_address>0x1de</run_address>
         <size>0x31</size>
         <input_file_ref idref="fl-2"/>
      </object_component>
      <object_component id="oc-fc">
         <name>.debug_line</name>
         <load_address>0x20f</load_address>
         <run_address>0x20f</run_address>
         <size>0x20</size>
         <input_file_ref idref="fl-2"/>
      </object_component>
      <object_component id="oc-181">
         <name>.debug_line</name>
         <load_address>0x22f</load_address>
         <run_address>0x22f</run_address>
         <size>0x74</size>
         <input_file_ref idref="fl-2"/>
      </object_component>
      <object_component id="oc-1a6">
         <name>.debug_line</name>
         <load_address>0x2a3</load_address>
         <run_address>0x2a3</run_address>
         <size>0x4a</size>
         <input_file_ref idref="fl-4"/>
      </object_component>
      <object_component id="oc-1ac">
         <name>.debug_line</name>
         <load_address>0x2ed</load_address>
         <run_address>0x2ed</run_address>
         <size>0x4b</size>
         <input_file_ref idref="fl-6"/>
      </object_component>
      <object_component id="oc-1c4">
         <name>.debug_line</name>
         <load_address>0x338</load_address>
         <run_address>0x338</run_address>
         <size>0x52</size>
         <input_file_ref idref="fl-6"/>
      </object_component>
      <object_component id="oc-b7">
         <name>.debug_line</name>
         <load_address>0x38a</load_address>
         <run_address>0x38a</run_address>
         <size>0x42</size>
         <input_file_ref idref="fl-8"/>
      </object_component>
      <object_component id="oc-184">
         <name>.debug_line</name>
         <load_address>0x3cc</load_address>
         <run_address>0x3cc</run_address>
         <size>0x10b</size>
         <input_file_ref idref="fl-a"/>
      </object_component>
      <object_component id="oc-1f6">
         <name>.debug_line</name>
         <load_address>0x4d7</load_address>
         <run_address>0x4d7</run_address>
         <size>0x33</size>
         <input_file_ref idref="fl-a"/>
      </object_component>
      <object_component id="oc-1f3">
         <name>.debug_line</name>
         <load_address>0x50a</load_address>
         <run_address>0x50a</run_address>
         <size>0x33</size>
         <input_file_ref idref="fl-a"/>
      </object_component>
      <object_component id="oc-134">
         <name>.debug_line</name>
         <load_address>0x53d</load_address>
         <run_address>0x53d</run_address>
         <size>0x57</size>
         <input_file_ref idref="fl-a"/>
      </object_component>
      <object_component id="oc-168">
         <name>.debug_line</name>
         <load_address>0x594</load_address>
         <run_address>0x594</run_address>
         <size>0x56</size>
         <input_file_ref idref="fl-a"/>
      </object_component>
      <object_component id="oc-158">
         <name>.debug_line</name>
         <load_address>0x5ea</load_address>
         <run_address>0x5ea</run_address>
         <size>0x56</size>
         <input_file_ref idref="fl-a"/>
      </object_component>
      <object_component id="oc-15d">
         <name>.debug_line</name>
         <load_address>0x640</load_address>
         <run_address>0x640</run_address>
         <size>0xab</size>
         <input_file_ref idref="fl-a"/>
      </object_component>
      <object_component id="oc-1cd">
         <name>.debug_line</name>
         <load_address>0x6eb</load_address>
         <run_address>0x6eb</run_address>
         <size>0x88</size>
         <input_file_ref idref="fl-a"/>
      </object_component>
      <object_component id="oc-13c">
         <name>.debug_line</name>
         <load_address>0x773</load_address>
         <run_address>0x773</run_address>
         <size>0x4f</size>
         <input_file_ref idref="fl-a"/>
      </object_component>
      <object_component id="oc-151">
         <name>.debug_line</name>
         <load_address>0x7c2</load_address>
         <run_address>0x7c2</run_address>
         <size>0x4f</size>
         <input_file_ref idref="fl-a"/>
      </object_component>
      <object_component id="oc-b1">
         <name>.debug_line</name>
         <load_address>0x811</load_address>
         <run_address>0x811</run_address>
         <size>0x57</size>
         <input_file_ref idref="fl-a"/>
      </object_component>
      <object_component id="oc-f8">
         <name>.debug_line</name>
         <load_address>0x868</load_address>
         <run_address>0x868</run_address>
         <size>0x2a</size>
         <input_file_ref idref="fl-3a"/>
      </object_component>
      <object_component id="oc-6a">
         <name>.debug_line</name>
         <load_address>0x892</load_address>
         <run_address>0x892</run_address>
         <size>0x4c</size>
         <input_file_ref idref="fl-3b"/>
      </object_component>
      <object_component id="oc-10b">
         <name>.debug_line</name>
         <load_address>0x8de</load_address>
         <run_address>0x8de</run_address>
         <size>0x80</size>
         <input_file_ref idref="fl-3c"/>
      </object_component>
      <object_component id="oc-36">
         <name>.debug_line</name>
         <load_address>0x95e</load_address>
         <run_address>0x95e</run_address>
         <size>0x50</size>
         <input_file_ref idref="fl-3c"/>
      </object_component>
      <object_component id="oc-9b">
         <name>.debug_line</name>
         <load_address>0x9ae</load_address>
         <run_address>0x9ae</run_address>
         <size>0x3a</size>
         <input_file_ref idref="fl-3c"/>
      </object_component>
      <object_component id="oc-108">
         <name>.debug_line</name>
         <load_address>0x9e8</load_address>
         <run_address>0x9e8</run_address>
         <size>0x80</size>
         <input_file_ref idref="fl-3c"/>
      </object_component>
      <object_component id="oc-113">
         <name>.debug_line</name>
         <load_address>0xa68</load_address>
         <run_address>0xa68</run_address>
         <size>0x20</size>
         <input_file_ref idref="fl-3d"/>
      </object_component>
      <object_component id="oc-a2">
         <name>.debug_line</name>
         <load_address>0xa88</load_address>
         <run_address>0xa88</run_address>
         <size>0x87</size>
         <input_file_ref idref="fl-3d"/>
      </object_component>
      <object_component id="oc-3a">
         <name>.debug_line</name>
         <load_address>0xb0f</load_address>
         <run_address>0xb0f</run_address>
         <size>0x49</size>
         <input_file_ref idref="fl-3d"/>
      </object_component>
      <object_component id="oc-a9">
         <name>.debug_line</name>
         <load_address>0xb58</load_address>
         <run_address>0xb58</run_address>
         <size>0x39</size>
         <input_file_ref idref="fl-3d"/>
      </object_component>
      <object_component id="oc-11d">
         <name>.debug_line</name>
         <load_address>0xb91</load_address>
         <run_address>0xb91</run_address>
         <size>0x20</size>
         <input_file_ref idref="fl-3e"/>
      </object_component>
      <object_component id="oc-50">
         <name>.debug_line</name>
         <load_address>0xbb1</load_address>
         <run_address>0xbb1</run_address>
         <size>0x4d</size>
         <input_file_ref idref="fl-3e"/>
      </object_component>
      <object_component id="oc-c0">
         <name>.debug_line</name>
         <load_address>0xbfe</load_address>
         <run_address>0xbfe</run_address>
         <size>0x34</size>
         <input_file_ref idref="fl-3e"/>
      </object_component>
      <object_component id="oc-103">
         <name>.debug_line</name>
         <load_address>0xc32</load_address>
         <run_address>0xc32</run_address>
         <size>0x80</size>
         <input_file_ref idref="fl-3e"/>
      </object_component>
      <object_component id="oc-166">
         <name>.debug_line</name>
         <load_address>0xcb2</load_address>
         <run_address>0xcb2</run_address>
         <size>0x4d</size>
         <input_file_ref idref="fl-3f"/>
      </object_component>
      <object_component id="oc-1db">
         <name>.debug_line</name>
         <load_address>0xcff</load_address>
         <run_address>0xcff</run_address>
         <size>0x43</size>
         <input_file_ref idref="fl-40"/>
      </object_component>
      <object_component id="oc-110">
         <name>.debug_line</name>
         <load_address>0xd42</load_address>
         <run_address>0xd42</run_address>
         <size>0x40</size>
         <input_file_ref idref="fl-43"/>
      </object_component>
      <object_component id="oc-ef">
         <name>.debug_line</name>
         <load_address>0xd82</load_address>
         <run_address>0xd82</run_address>
         <size>0x3a</size>
         <input_file_ref idref="fl-44"/>
      </object_component>
      <object_component id="oc-af">
         <name>.debug_line</name>
         <load_address>0xdbc</load_address>
         <run_address>0xdbc</run_address>
         <size>0x3c</size>
         <input_file_ref idref="fl-51"/>
      </object_component>
      <object_component id="oc-1ef">
         <name>.debug_line</name>
         <load_address>0xdf8</load_address>
         <run_address>0xdf8</run_address>
         <size>0x5e</size>
         <input_file_ref idref="fl-54"/>
      </object_component>
      <object_component id="oc-170">
         <name>.debug_line</name>
         <load_address>0xe56</load_address>
         <run_address>0xe56</run_address>
         <size>0x20</size>
         <input_file_ref idref="fl-55"/>
      </object_component>
      <object_component id="oc-95">
         <name>.debug_line</name>
         <load_address>0xe76</load_address>
         <run_address>0xe76</run_address>
         <size>0x45</size>
         <input_file_ref idref="fl-55"/>
      </object_component>
      <object_component id="oc-c7">
         <name>.debug_line</name>
         <load_address>0xebb</load_address>
         <run_address>0xebb</run_address>
         <size>0x3e</size>
         <input_file_ref idref="fl-58"/>
      </object_component>
      <object_component id="oc-186">
         <name>.debug_line</name>
         <load_address>0xef9</load_address>
         <run_address>0xef9</run_address>
         <size>0x2e</size>
         <input_file_ref idref="fl-5b"/>
      </object_component>
      <object_component id="oc-cd">
         <name>.debug_line</name>
         <load_address>0xf27</load_address>
         <run_address>0xf27</run_address>
         <size>0x7b</size>
         <input_file_ref idref="fl-5b"/>
      </object_component>
      <object_component id="oc-18a">
         <name>.debug_line</name>
         <load_address>0xfa2</load_address>
         <run_address>0xfa2</run_address>
         <size>0x2e</size>
         <input_file_ref idref="fl-5b"/>
      </object_component>
      <object_component id="oc-e7">
         <name>.debug_frame</name>
         <load_address>0x0</load_address>
         <run_address>0x0</run_address>
         <size>0x48</size>
         <input_file_ref idref="fl-2"/>
      </object_component>
      <object_component id="oc-1aa">
         <name>.debug_frame</name>
         <load_address>0x48</load_address>
         <run_address>0x48</run_address>
         <size>0x47</size>
         <input_file_ref idref="fl-4"/>
      </object_component>
      <object_component id="oc-1ad">
         <name>.debug_frame</name>
         <load_address>0x8f</load_address>
         <run_address>0x8f</run_address>
         <size>0x47</size>
         <input_file_ref idref="fl-6"/>
      </object_component>
      <object_component id="oc-1c3">
         <name>.debug_frame</name>
         <load_address>0xd6</load_address>
         <run_address>0xd6</run_address>
         <size>0x47</size>
         <input_file_ref idref="fl-6"/>
      </object_component>
      <object_component id="oc-b8">
         <name>.debug_frame</name>
         <load_address>0x11d</load_address>
         <run_address>0x11d</run_address>
         <size>0x47</size>
         <input_file_ref idref="fl-8"/>
      </object_component>
      <object_component id="oc-133">
         <name>.debug_frame</name>
         <load_address>0x164</load_address>
         <run_address>0x164</run_address>
         <size>0x47</size>
         <input_file_ref idref="fl-a"/>
      </object_component>
      <object_component id="oc-169">
         <name>.debug_frame</name>
         <load_address>0x1ab</load_address>
         <run_address>0x1ab</run_address>
         <size>0x50</size>
         <input_file_ref idref="fl-a"/>
      </object_component>
      <object_component id="oc-157">
         <name>.debug_frame</name>
         <load_address>0x1fb</load_address>
         <run_address>0x1fb</run_address>
         <size>0x50</size>
         <input_file_ref idref="fl-a"/>
      </object_component>
      <object_component id="oc-15e">
         <name>.debug_frame</name>
         <load_address>0x24b</load_address>
         <run_address>0x24b</run_address>
         <size>0x52</size>
         <input_file_ref idref="fl-a"/>
      </object_component>
      <object_component id="oc-1ce">
         <name>.debug_frame</name>
         <load_address>0x29d</load_address>
         <run_address>0x29d</run_address>
         <size>0x48</size>
         <input_file_ref idref="fl-a"/>
      </object_component>
      <object_component id="oc-13d">
         <name>.debug_frame</name>
         <load_address>0x2e5</load_address>
         <run_address>0x2e5</run_address>
         <size>0x47</size>
         <input_file_ref idref="fl-a"/>
      </object_component>
      <object_component id="oc-152">
         <name>.debug_frame</name>
         <load_address>0x32c</load_address>
         <run_address>0x32c</run_address>
         <size>0x47</size>
         <input_file_ref idref="fl-a"/>
      </object_component>
      <object_component id="oc-b2">
         <name>.debug_frame</name>
         <load_address>0x373</load_address>
         <run_address>0x373</run_address>
         <size>0x47</size>
         <input_file_ref idref="fl-a"/>
      </object_component>
      <object_component id="oc-6e">
         <name>.debug_frame</name>
         <load_address>0x3ba</load_address>
         <run_address>0x3ba</run_address>
         <size>0x42</size>
         <input_file_ref idref="fl-3b"/>
      </object_component>
      <object_component id="oc-37">
         <name>.debug_frame</name>
         <load_address>0x3fc</load_address>
         <run_address>0x3fc</run_address>
         <size>0x47</size>
         <input_file_ref idref="fl-3c"/>
      </object_component>
      <object_component id="oc-a3">
         <name>.debug_frame</name>
         <load_address>0x443</load_address>
         <run_address>0x443</run_address>
         <size>0x51</size>
         <input_file_ref idref="fl-3d"/>
      </object_component>
      <object_component id="oc-3b">
         <name>.debug_frame</name>
         <load_address>0x494</load_address>
         <run_address>0x494</run_address>
         <size>0x47</size>
         <input_file_ref idref="fl-3d"/>
      </object_component>
      <object_component id="oc-4f">
         <name>.debug_frame</name>
         <load_address>0x4db</load_address>
         <run_address>0x4db</run_address>
         <size>0x47</size>
         <input_file_ref idref="fl-3e"/>
      </object_component>
      <object_component id="oc-f0">
         <name>.debug_frame</name>
         <load_address>0x522</load_address>
         <run_address>0x522</run_address>
         <size>0x47</size>
         <input_file_ref idref="fl-44"/>
      </object_component>
      <object_component id="oc-96">
         <name>.debug_frame</name>
         <load_address>0x569</load_address>
         <run_address>0x569</run_address>
         <size>0x47</size>
         <input_file_ref idref="fl-55"/>
      </object_component>
      <object_component id="oc-c8">
         <name>.debug_frame</name>
         <load_address>0x5b0</load_address>
         <run_address>0x5b0</run_address>
         <size>0x47</size>
         <input_file_ref idref="fl-58"/>
      </object_component>
      <object_component id="oc-ce">
         <name>.debug_frame</name>
         <load_address>0x5f7</load_address>
         <run_address>0x5f7</run_address>
         <size>0x51</size>
         <input_file_ref idref="fl-5b"/>
      </object_component>
      <object_component id="oc-172">
         <name>.debug_abbrev</name>
         <load_address>0x0</load_address>
         <run_address>0x0</run_address>
         <size>0x92</size>
         <input_file_ref idref="fl-2"/>
      </object_component>
      <object_component id="oc-1bd">
         <name>.debug_abbrev</name>
         <load_address>0x92</load_address>
         <run_address>0x92</run_address>
         <size>0x29</size>
         <input_file_ref idref="fl-2"/>
      </object_component>
      <object_component id="oc-1b2">
         <name>.debug_abbrev</name>
         <load_address>0xbb</load_address>
         <run_address>0xbb</run_address>
         <size>0x29</size>
         <input_file_ref idref="fl-2"/>
      </object_component>
      <object_component id="oc-1b5">
         <name>.debug_abbrev</name>
         <load_address>0xe4</load_address>
         <run_address>0xe4</run_address>
         <size>0x29</size>
         <input_file_ref idref="fl-2"/>
      </object_component>
      <object_component id="oc-1b7">
         <name>.debug_abbrev</name>
         <load_address>0x10d</load_address>
         <run_address>0x10d</run_address>
         <size>0x29</size>
         <input_file_ref idref="fl-2"/>
      </object_component>
      <object_component id="oc-1bb">
         <name>.debug_abbrev</name>
         <load_address>0x136</load_address>
         <run_address>0x136</run_address>
         <size>0x29</size>
         <input_file_ref idref="fl-2"/>
      </object_component>
      <object_component id="oc-1b9">
         <name>.debug_abbrev</name>
         <load_address>0x15f</load_address>
         <run_address>0x15f</run_address>
         <size>0x29</size>
         <input_file_ref idref="fl-2"/>
      </object_component>
      <object_component id="oc-16d">
         <name>.debug_abbrev</name>
         <load_address>0x188</load_address>
         <run_address>0x188</run_address>
         <size>0x52</size>
         <input_file_ref idref="fl-2"/>
      </object_component>
      <object_component id="oc-176">
         <name>.debug_abbrev</name>
         <load_address>0x1da</load_address>
         <run_address>0x1da</run_address>
         <size>0x49</size>
         <input_file_ref idref="fl-2"/>
      </object_component>
      <object_component id="oc-17b">
         <name>.debug_abbrev</name>
         <load_address>0x223</load_address>
         <run_address>0x223</run_address>
         <size>0x49</size>
         <input_file_ref idref="fl-2"/>
      </object_component>
      <object_component id="oc-fb">
         <name>.debug_abbrev</name>
         <load_address>0x26c</load_address>
         <run_address>0x26c</run_address>
         <size>0x1f</size>
         <input_file_ref idref="fl-2"/>
      </object_component>
      <object_component id="oc-180">
         <name>.debug_abbrev</name>
         <load_address>0x28b</load_address>
         <run_address>0x28b</run_address>
         <size>0x35</size>
         <input_file_ref idref="fl-2"/>
      </object_component>
      <object_component id="oc-1e3">
         <name>.debug_abbrev</name>
         <load_address>0x2c0</load_address>
         <run_address>0x2c0</run_address>
         <size>0x50</size>
         <input_file_ref idref="fl-4"/>
      </object_component>
      <object_component id="oc-1e4">
         <name>.debug_abbrev</name>
         <load_address>0x310</load_address>
         <run_address>0x310</run_address>
         <size>0x50</size>
         <input_file_ref idref="fl-6"/>
      </object_component>
      <object_component id="oc-1e5">
         <name>.debug_abbrev</name>
         <load_address>0x360</load_address>
         <run_address>0x360</run_address>
         <size>0x6c</size>
         <input_file_ref idref="fl-6"/>
      </object_component>
      <object_component id="oc-11b">
         <name>.debug_abbrev</name>
         <load_address>0x3cc</load_address>
         <run_address>0x3cc</run_address>
         <size>0x53</size>
         <input_file_ref idref="fl-8"/>
      </object_component>
      <object_component id="oc-183">
         <name>.debug_abbrev</name>
         <load_address>0x41f</load_address>
         <run_address>0x41f</run_address>
         <size>0xd6</size>
         <input_file_ref idref="fl-a"/>
      </object_component>
      <object_component id="oc-1f5">
         <name>.debug_abbrev</name>
         <load_address>0x4f5</load_address>
         <run_address>0x4f5</run_address>
         <size>0x29</size>
         <input_file_ref idref="fl-a"/>
      </object_component>
      <object_component id="oc-1f2">
         <name>.debug_abbrev</name>
         <load_address>0x51e</load_address>
         <run_address>0x51e</run_address>
         <size>0x29</size>
         <input_file_ref idref="fl-a"/>
      </object_component>
      <object_component id="oc-1b1">
         <name>.debug_abbrev</name>
         <load_address>0x547</load_address>
         <run_address>0x547</run_address>
         <size>0x5e</size>
         <input_file_ref idref="fl-a"/>
      </object_component>
      <object_component id="oc-1dd">
         <name>.debug_abbrev</name>
         <load_address>0x5a5</load_address>
         <run_address>0x5a5</run_address>
         <size>0x7a</size>
         <input_file_ref idref="fl-a"/>
      </object_component>
      <object_component id="oc-1c7">
         <name>.debug_abbrev</name>
         <load_address>0x61f</load_address>
         <run_address>0x61f</run_address>
         <size>0x7a</size>
         <input_file_ref idref="fl-a"/>
      </object_component>
      <object_component id="oc-1d6">
         <name>.debug_abbrev</name>
         <load_address>0x699</load_address>
         <run_address>0x699</run_address>
         <size>0x7a</size>
         <input_file_ref idref="fl-a"/>
      </object_component>
      <object_component id="oc-1f1">
         <name>.debug_abbrev</name>
         <load_address>0x713</load_address>
         <run_address>0x713</run_address>
         <size>0x7a</size>
         <input_file_ref idref="fl-a"/>
      </object_component>
      <object_component id="oc-1b4">
         <name>.debug_abbrev</name>
         <load_address>0x78d</load_address>
         <run_address>0x78d</run_address>
         <size>0x6c</size>
         <input_file_ref idref="fl-a"/>
      </object_component>
      <object_component id="oc-1bf">
         <name>.debug_abbrev</name>
         <load_address>0x7f9</load_address>
         <run_address>0x7f9</run_address>
         <size>0x6c</size>
         <input_file_ref idref="fl-a"/>
      </object_component>
      <object_component id="oc-11a">
         <name>.debug_abbrev</name>
         <load_address>0x865</load_address>
         <run_address>0x865</run_address>
         <size>0x53</size>
         <input_file_ref idref="fl-a"/>
      </object_component>
      <object_component id="oc-f7">
         <name>.debug_abbrev</name>
         <load_address>0x8b8</load_address>
         <run_address>0x8b8</run_address>
         <size>0x29</size>
         <input_file_ref idref="fl-3a"/>
      </object_component>
      <object_component id="oc-f1">
         <name>.debug_abbrev</name>
         <load_address>0x8e1</load_address>
         <run_address>0x8e1</run_address>
         <size>0x58</size>
         <input_file_ref idref="fl-3b"/>
      </object_component>
      <object_component id="oc-10a">
         <name>.debug_abbrev</name>
         <load_address>0x939</load_address>
         <run_address>0x939</run_address>
         <size>0x5d</size>
         <input_file_ref idref="fl-3c"/>
      </object_component>
      <object_component id="oc-97">
         <name>.debug_abbrev</name>
         <load_address>0x996</load_address>
         <run_address>0x996</run_address>
         <size>0x74</size>
         <input_file_ref idref="fl-3c"/>
      </object_component>
      <object_component id="oc-9a">
         <name>.debug_abbrev</name>
         <load_address>0xa0a</load_address>
         <run_address>0xa0a</run_address>
         <size>0x24</size>
         <input_file_ref idref="fl-3c"/>
      </object_component>
      <object_component id="oc-107">
         <name>.debug_abbrev</name>
         <load_address>0xa2e</load_address>
         <run_address>0xa2e</run_address>
         <size>0x24</size>
         <input_file_ref idref="fl-3c"/>
      </object_component>
      <object_component id="oc-112">
         <name>.debug_abbrev</name>
         <load_address>0xa52</load_address>
         <run_address>0xa52</run_address>
         <size>0x37</size>
         <input_file_ref idref="fl-3d"/>
      </object_component>
      <object_component id="oc-111">
         <name>.debug_abbrev</name>
         <load_address>0xa89</load_address>
         <run_address>0xa89</run_address>
         <size>0x6d</size>
         <input_file_ref idref="fl-3d"/>
      </object_component>
      <object_component id="oc-a4">
         <name>.debug_abbrev</name>
         <load_address>0xaf6</load_address>
         <run_address>0xaf6</run_address>
         <size>0x66</size>
         <input_file_ref idref="fl-3d"/>
      </object_component>
      <object_component id="oc-a8">
         <name>.debug_abbrev</name>
         <load_address>0xb5c</load_address>
         <run_address>0xb5c</run_address>
         <size>0x24</size>
         <input_file_ref idref="fl-3d"/>
      </object_component>
      <object_component id="oc-11c">
         <name>.debug_abbrev</name>
         <load_address>0xb80</load_address>
         <run_address>0xb80</run_address>
         <size>0x37</size>
         <input_file_ref idref="fl-3e"/>
      </object_component>
      <object_component id="oc-bc">
         <name>.debug_abbrev</name>
         <load_address>0xbb7</load_address>
         <run_address>0xbb7</run_address>
         <size>0x6f</size>
         <input_file_ref idref="fl-3e"/>
      </object_component>
      <object_component id="oc-bf">
         <name>.debug_abbrev</name>
         <load_address>0xc26</load_address>
         <run_address>0xc26</run_address>
         <size>0x24</size>
         <input_file_ref idref="fl-3e"/>
      </object_component>
      <object_component id="oc-102">
         <name>.debug_abbrev</name>
         <load_address>0xc4a</load_address>
         <run_address>0xc4a</run_address>
         <size>0x24</size>
         <input_file_ref idref="fl-3e"/>
      </object_component>
      <object_component id="oc-1dc">
         <name>.debug_abbrev</name>
         <load_address>0xc6e</load_address>
         <run_address>0xc6e</run_address>
         <size>0x4a</size>
         <input_file_ref idref="fl-3f"/>
      </object_component>
      <object_component id="oc-1f4">
         <name>.debug_abbrev</name>
         <load_address>0xcb8</load_address>
         <run_address>0xcb8</run_address>
         <size>0x3c</size>
         <input_file_ref idref="fl-40"/>
      </object_component>
      <object_component id="oc-171">
         <name>.debug_abbrev</name>
         <load_address>0xcf4</load_address>
         <run_address>0xcf4</run_address>
         <size>0x3a</size>
         <input_file_ref idref="fl-43"/>
      </object_component>
      <object_component id="oc-16e">
         <name>.debug_abbrev</name>
         <load_address>0xd2e</load_address>
         <run_address>0xd2e</run_address>
         <size>0x45</size>
         <input_file_ref idref="fl-44"/>
      </object_component>
      <object_component id="oc-114">
         <name>.debug_abbrev</name>
         <load_address>0xd73</load_address>
         <run_address>0xd73</run_address>
         <size>0x28</size>
         <input_file_ref idref="fl-51"/>
      </object_component>
      <object_component id="oc-1f7">
         <name>.debug_abbrev</name>
         <load_address>0xd9b</load_address>
         <run_address>0xd9b</run_address>
         <size>0x3c</size>
         <input_file_ref idref="fl-54"/>
      </object_component>
      <object_component id="oc-16f">
         <name>.debug_abbrev</name>
         <load_address>0xdd7</load_address>
         <run_address>0xdd7</run_address>
         <size>0x3e</size>
         <input_file_ref idref="fl-55"/>
      </object_component>
      <object_component id="oc-fe">
         <name>.debug_abbrev</name>
         <load_address>0xe15</load_address>
         <run_address>0xe15</run_address>
         <size>0x71</size>
         <input_file_ref idref="fl-55"/>
      </object_component>
      <object_component id="oc-11e">
         <name>.debug_abbrev</name>
         <load_address>0xe86</load_address>
         <run_address>0xe86</run_address>
         <size>0x55</size>
         <input_file_ref idref="fl-58"/>
      </object_component>
      <object_component id="oc-185">
         <name>.debug_abbrev</name>
         <load_address>0xedb</load_address>
         <run_address>0xedb</run_address>
         <size>0x7b</size>
         <input_file_ref idref="fl-5b"/>
      </object_component>
      <object_component id="oc-11f">
         <name>.debug_abbrev</name>
         <load_address>0xf56</load_address>
         <run_address>0xf56</run_address>
         <size>0x70</size>
         <input_file_ref idref="fl-5b"/>
      </object_component>
      <object_component id="oc-189">
         <name>.debug_abbrev</name>
         <load_address>0xfc6</load_address>
         <run_address>0xfc6</run_address>
         <size>0x24</size>
         <input_file_ref idref="fl-5b"/>
      </object_component>
      <object_component id="oc-233">
         <name>.debug_abbrev</name>
         <load_address>0xfea</load_address>
         <run_address>0xfea</run_address>
         <size>0xf</size>
      </object_component>
      <object_component id="oc-178">
         <name>.debug_str</name>
         <load_address>0x0</load_address>
         <run_address>0x0</run_address>
         <size>0x110</size>
         <input_file_ref idref="fl-2"/>
      </object_component>
      <object_component id="oc-17d">
         <name>.debug_str</name>
         <load_address>0x110</load_address>
         <run_address>0x110</run_address>
         <size>0xd8</size>
         <input_file_ref idref="fl-2"/>
      </object_component>
      <object_component id="oc-fd">
         <name>.debug_str</name>
         <load_address>0x1e8</load_address>
         <run_address>0x1e8</run_address>
         <size>0xf5</size>
         <input_file_ref idref="fl-2"/>
      </object_component>
      <object_component id="oc-182">
         <name>.debug_str</name>
         <load_address>0x2dd</load_address>
         <run_address>0x2dd</run_address>
         <size>0x226</size>
         <input_file_ref idref="fl-2"/>
      </object_component>
      <object_component id="oc-9c">
         <name>.debug_str</name>
         <load_address>0x503</load_address>
         <run_address>0x503</run_address>
         <size>0xe1</size>
         <input_file_ref idref="fl-3c"/>
      </object_component>
      <object_component id="oc-109">
         <name>.debug_str</name>
         <load_address>0x5e4</load_address>
         <run_address>0x5e4</run_address>
         <size>0x104</size>
         <input_file_ref idref="fl-3c"/>
      </object_component>
      <object_component id="oc-aa">
         <name>.debug_str</name>
         <load_address>0x6e8</load_address>
         <run_address>0x6e8</run_address>
         <size>0xd3</size>
         <input_file_ref idref="fl-3d"/>
      </object_component>
      <object_component id="oc-c1">
         <name>.debug_str</name>
         <load_address>0x7bb</load_address>
         <run_address>0x7bb</run_address>
         <size>0xdb</size>
         <input_file_ref idref="fl-3e"/>
      </object_component>
      <object_component id="oc-104">
         <name>.debug_str</name>
         <load_address>0x896</load_address>
         <run_address>0x896</run_address>
         <size>0x104</size>
         <input_file_ref idref="fl-3e"/>
      </object_component>
      <object_component id="oc-18b">
         <name>.debug_str</name>
         <load_address>0x99a</load_address>
         <run_address>0x99a</run_address>
         <size>0xc3</size>
         <input_file_ref idref="fl-5b"/>
      </object_component>
      <object_component id="oc-e6">
         <name>.debug_aranges</name>
         <load_address>0x0</load_address>
         <run_address>0x0</run_address>
         <size>0x20</size>
         <input_file_ref idref="fl-2"/>
      </object_component>
      <object_component id="oc-1a8">
         <name>.debug_aranges</name>
         <load_address>0x20</load_address>
         <run_address>0x20</run_address>
         <size>0x20</size>
         <input_file_ref idref="fl-4"/>
      </object_component>
      <object_component id="oc-1ae">
         <name>.debug_aranges</name>
         <load_address>0x40</load_address>
         <run_address>0x40</run_address>
         <size>0x20</size>
         <input_file_ref idref="fl-6"/>
      </object_component>
      <object_component id="oc-1c2">
         <name>.debug_aranges</name>
         <load_address>0x60</load_address>
         <run_address>0x60</run_address>
         <size>0x20</size>
         <input_file_ref idref="fl-6"/>
      </object_component>
      <object_component id="oc-b9">
         <name>.debug_aranges</name>
         <load_address>0x80</load_address>
         <run_address>0x80</run_address>
         <size>0x20</size>
         <input_file_ref idref="fl-8"/>
      </object_component>
      <object_component id="oc-136">
         <name>.debug_aranges</name>
         <load_address>0xa0</load_address>
         <run_address>0xa0</run_address>
         <size>0x20</size>
         <input_file_ref idref="fl-a"/>
      </object_component>
      <object_component id="oc-16c">
         <name>.debug_aranges</name>
         <load_address>0xc0</load_address>
         <run_address>0xc0</run_address>
         <size>0x20</size>
         <input_file_ref idref="fl-a"/>
      </object_component>
      <object_component id="oc-15b">
         <name>.debug_aranges</name>
         <load_address>0xe0</load_address>
         <run_address>0xe0</run_address>
         <size>0x20</size>
         <input_file_ref idref="fl-a"/>
      </object_component>
      <object_component id="oc-160">
         <name>.debug_aranges</name>
         <load_address>0x100</load_address>
         <run_address>0x100</run_address>
         <size>0x20</size>
         <input_file_ref idref="fl-a"/>
      </object_component>
      <object_component id="oc-1d0">
         <name>.debug_aranges</name>
         <load_address>0x120</load_address>
         <run_address>0x120</run_address>
         <size>0x20</size>
         <input_file_ref idref="fl-a"/>
      </object_component>
      <object_component id="oc-13f">
         <name>.debug_aranges</name>
         <load_address>0x140</load_address>
         <run_address>0x140</run_address>
         <size>0x20</size>
         <input_file_ref idref="fl-a"/>
      </object_component>
      <object_component id="oc-154">
         <name>.debug_aranges</name>
         <load_address>0x160</load_address>
         <run_address>0x160</run_address>
         <size>0x20</size>
         <input_file_ref idref="fl-a"/>
      </object_component>
      <object_component id="oc-b4">
         <name>.debug_aranges</name>
         <load_address>0x180</load_address>
         <run_address>0x180</run_address>
         <size>0x20</size>
         <input_file_ref idref="fl-a"/>
      </object_component>
      <object_component id="oc-6c">
         <name>.debug_aranges</name>
         <load_address>0x1a0</load_address>
         <run_address>0x1a0</run_address>
         <size>0x20</size>
         <input_file_ref idref="fl-3b"/>
      </object_component>
      <object_component id="oc-35">
         <name>.debug_aranges</name>
         <load_address>0x1c0</load_address>
         <run_address>0x1c0</run_address>
         <size>0x20</size>
         <input_file_ref idref="fl-3c"/>
      </object_component>
      <object_component id="oc-9f">
         <name>.debug_aranges</name>
         <load_address>0x1e0</load_address>
         <run_address>0x1e0</run_address>
         <size>0x20</size>
         <input_file_ref idref="fl-3d"/>
      </object_component>
      <object_component id="oc-39">
         <name>.debug_aranges</name>
         <load_address>0x200</load_address>
         <run_address>0x200</run_address>
         <size>0x20</size>
         <input_file_ref idref="fl-3d"/>
      </object_component>
      <object_component id="oc-4e">
         <name>.debug_aranges</name>
         <load_address>0x220</load_address>
         <run_address>0x220</run_address>
         <size>0x20</size>
         <input_file_ref idref="fl-3e"/>
      </object_component>
      <object_component id="oc-165">
         <name>.debug_aranges</name>
         <load_address>0x240</load_address>
         <run_address>0x240</run_address>
         <size>0x20</size>
         <input_file_ref idref="fl-3f"/>
      </object_component>
      <object_component id="oc-1d8">
         <name>.debug_aranges</name>
         <load_address>0x260</load_address>
         <run_address>0x260</run_address>
         <size>0x20</size>
         <input_file_ref idref="fl-40"/>
      </object_component>
      <object_component id="oc-10e">
         <name>.debug_aranges</name>
         <load_address>0x280</load_address>
         <run_address>0x280</run_address>
         <size>0x20</size>
[...]
         <name>TA0IV</name>
         <value>0x12e</value>
      </symbol>
      <symbol id="sm-2f">
         <name>TA0CTL</name>
         <value>0x160</value>
      </symbol>
      <symbol id="sm-30">
         <name>TA0CCTL0</name>
         <value>0x162</value>
      </symbol>
      <symbol id="sm-31">
         <name>TA0CCTL1</name>
         <value>0x164</value>
      </symbol>
      <symbol id="sm-32">
         <name>TA0CCTL2</name>
         <value>0x166</value>
      </symbol>
      <symbol id="sm-33">
         <name>TA0R</name>
         <value>0x170</value>
      </symbol>
      <symbol id="sm-34">
         <name>TA0CCR0</name>
         <value>0x172</value>
      </symbol>
      <symbol id="sm-35">
         <name>TA0CCR1</name>
         <value>0x174</value>
      </symbol>
      <symbol id="sm-36">
         <name>TA0CCR2</name>
         <value>0x176</value>
      </symbol>
      <symbol id="sm-37">
         <name>TA1IV</name>
         <value>0x11e</value>
      </symbol>
      <symbol id="sm-38">
         <name>TA1CTL</name>
         <value>0x180</value>
      </symbol>
      <symbol id="sm-39">
         <name>TA1CCTL0</name>
         <value>0x182</value>
      </symbol>
      <symbol id="sm-3a">
         <name>TA1CCTL1</name>
         <value>0x184</value>
      </symbol>
      <symbol id="sm-3b">
         <name>TA1CCTL2</name>
         <value>0x186</value>
      </symbol>
      <symbol id="sm-3c">
         <name>TA1R</name>
         <value>0x190</value>
      </symbol>
      <symbol id="sm-3d">
         <name>TA1CCR0</name>
         <value>0x192</value>
      </symbol>
      <symbol id="sm-3e">
         <name>TA1CCR1</name>
         <value>0x194</value>
      </symbol>
      <symbol id="sm-3f">
         <name>TA1CCR2</name>
         <value>0x196</value>
      </symbol>
      <symbol id="sm-40">
         <name>UCA0CTL0</name>
         <value>0x60</value>
      </symbol>
      <symbol id="sm-41">
         <name>UCA0CTL1</name>
         <value>0x61</value>
      </symbol>
      <symbol id="sm-42">
         <name>UCA0BR0</name>
         <value>0x62</value>
      </symbol>
      <symbol id="sm-43">
         <name>UCA0BR1</name>
         <value>0x63</value>
      </symbol>
      <symbol id="sm-44">
         <name>UCA0MCTL</name>
         <value>0x64</value>
      </symbol>
      <symbol id="sm-45">
         <name>UCA0STAT</name>
         <value>0x65</value>
      </symbol>
      <symbol id="sm-46">
         <name>UCA0RXBUF</name>
         <value>0x66</value>
      </symbol>
      <symbol id="sm-47">
         <name>UCA0TXBUF</name>
         <value>0x67</value>
      </symbol>
      <symbol id="sm-48">
         <name>UCA0ABCTL</name>
         <value>0x5d</value>
      </symbol>
      <symbol id="sm-49">
         <name>UCA0IRTCTL</name>
         <value>0x5e</value>
      </symbol>
      <symbol id="sm-4a">
         <name>UCA0IRRCTL</name>
         <value>0x5f</value>
      </symbol>
      <symbol id="sm-4b">
         <name>UCB0CTL0</name>
         <value>0x68</value>
      </symbol>
      <symbol id="sm-4c">
         <name>UCB0CTL1</name>
         <value>0x69</value>
      </symbol>
      <symbol id="sm-4d">
         <name>UCB0BR0</name>
         <value>0x6a</value>
      </symbol>
      <symbol id="sm-4e">
         <name>UCB0BR1</name>
         <value>0x6b</value>
      </symbol>
      <symbol id="sm-4f">
         <name>UCB0I2CIE</name>
         <value>0x6c</value>
      </symbol>
      <symbol id="sm-50">
         <name>UCB0STAT</name>
         <value>0x6d</value>
      </symbol>
      <symbol id="sm-51">
         <name>UCB0RXBUF</name>
         <value>0x6e</value>
      </symbol>
      <symbol id="sm-52">
         <name>UCB0TXBUF</name>
         <value>0x6f</value>
      </symbol>
      <symbol id="sm-53">
         <name>UCB0I2COA</name>
         <value>0x118</value>
      </symbol>
      <symbol id="sm-54">
         <name>UCB0I2CSA</name>
         <value>0x11a</value>
      </symbol>
      <symbol id="sm-55">
         <name>WDTCTL</name>
         <value>0x120</value>
      </symbol>
      <symbol id="sm-56">
         <name>CALDCO_16MHZ</name>
         <value>0x10f8</value>
      </symbol>
      <symbol id="sm-57">
         <name>CALBC1_16MHZ</name>
         <value>0x10f9</value>
      </symbol>
      <symbol id="sm-58">
         <name>CALDCO_12MHZ</name>
         <value>0x10fa</value>
      </symbol>
      <symbol id="sm-59">
         <name>CALBC1_12MHZ</name>
         <value>0x10fb</value>
      </symbol>
      <symbol id="sm-5a">
         <name>CALDCO_8MHZ</name>
         <value>0x10fc</value>
      </symbol>
      <symbol id="sm-5b">
         <name>CALBC1_8MHZ</name>
         <value>0x10fd</value>
      </symbol>
      <symbol id="sm-5c">
         <name>CALDCO_1MHZ</name>
         <value>0x10fe</value>
      </symbol>
      <symbol id="sm-5d">
         <name>CALBC1_1MHZ</name>
         <value>0x10ff</value>
      </symbol>
      <symbol id="sm-5e">
         <name>TLV_CHECKSUM</name>
         <value>0x10c0</value>
      </symbol>
      <symbol id="sm-5f">
         <name>TLV_DCO_30_TAG</name>
         <value>0x10f6</value>
      </symbol>
      <symbol id="sm-60">
         <name>TLV_DCO_30_LEN</name>
         <value>0x10f7</value>
      </symbol>
      <symbol id="sm-61">
         <name>TLV_ADC10_1_TAG</name>
         <value>0x10da</value>
      </symbol>
      <symbol id="sm-62">
         <name>TLV_ADC10_1_LEN</name>
         <value>0x10db</value>
      </symbol>
      <symbol id="sm-63">
         <name>__TI_CINIT_Base</name>
         <value>0xc612</value>
      </symbol>
      <symbol id="sm-64">
         <name>__TI_CINIT_Limit</name>
         <value>0xc61a</value>
      </symbol>
      <symbol id="sm-65">
         <name>__TI_Handler_Table_Base</name>
         <value>0xc608</value>
      </symbol>
      <symbol id="sm-66">
         <name>__TI_Handler_Table_Limit</name>
         <value>0xc60e</value>
      </symbol>
      <symbol id="sm-67">
         <name>binit</name>
         <value>0xffffffff</value>
      </symbol>
      <symbol id="sm-68">
         <name>__binit__</name>
         <value>0xffffffff</value>
      </symbol>
      <symbol id="sm-69">
         <name>__STACK_SIZE</name>
         <value>0x50</value>
      </symbol>
      <symbol id="sm-6a">
         <name>__STACK_END</name>
         <value>0x400</value>
      </symbol>
      <symbol id="sm-6b">
         <name>__c_args__</name>
         <value>0xffffffff</value>
      </symbol>
      <symbol id="sm-d9">
         <name>sys_params</name>
         <value>0x200</value>
      </symbol>
      <symbol id="sm-da">
         <name>test_off</name>
         <value>0x2b6</value>
         <object_component_ref idref="oc-147"/>
      </symbol>
      <symbol id="sm-db">
         <name>sad</name>
         <value>0x2a6</value>
         <object_component_ref idref="oc-141"/>
      </symbol>
      <symbol id="sm-dc">
         <name>game_map</name>
         <value>0x26c</value>
         <object_component_ref idref="oc-14d"/>
      </symbol>
      <symbol id="sm-dd">
         <name>main</name>
         <value>0xc19a</value>
         <object_component_ref idref="oc-e3"/>
      </symbol>
      <symbol id="sm-de">
         <name>smile</name>
         <value>0x2ae</value>
         <object_component_ref idref="oc-138"/>
      </symbol>
      <symbol id="sm-df">
         <name>led_control</name>
         <value>0x29e</value>
         <object_component_ref idref="oc-144"/>
      </symbol>
      <symbol id="sm-e0">
         <name>test_on</name>
         <value>0x2be</value>
         <object_component_ref idref="oc-14a"/>
      </symbol>
      <symbol id="sm-ea">
         <name>Config_stop_WDT</name>
         <value>0xc59e</value>
         <object_component_ref idref="oc-1a5"/>
      </symbol>
      <symbol id="sm-100">
         <name>Config_SPI_A</name>
         <value>0xc440</value>
         <object_component_ref idref="oc-1ab"/>
      </symbol>
      <symbol id="sm-101">
         <name>Send_byte_A</name>
         <value>0xc4ca</value>
         <object_component_ref idref="oc-1c1"/>
      </symbol>
      <symbol id="sm-10c">
         <name>USCI0RX_ISR</name>
         <value>0xc5ba</value>
         <object_component_ref idref="oc-b6"/>
      </symbol>
      <symbol id="sm-10d">
         <name>__TI_int07</name>
         <value>0xffee</value>
         <object_component_ref idref="oc-43"/>
      </symbol>
      <symbol id="sm-177">
         <name>display_map</name>
         <value>0x254</value>
      </symbol>
      <symbol id="sm-178">
         <name>star</name>
         <value>0x268</value>
      </symbol>
      <symbol id="sm-179">
         <name>n</name>
         <value>0x266</value>
      </symbol>
      <symbol id="sm-17a">
         <name>i</name>
         <value>0x262</value>
      </symbol>
      <symbol id="sm-17b">
         <name>k</name>
         <value>0x264</value>
      </symbol>
      <symbol id="sm-17c">
         <name>a</name>
         <value>0x25c</value>
      </symbol>
      <symbol id="sm-17d">
         <name>b</name>
         <value>0x25e</value>
      </symbol>
      <symbol id="sm-17e">
         <name>collisiontest</name>
         <value>0x260</value>
      </symbol>
      <symbol id="sm-17f">
         <name>counter</name>
         <value>0x26a</value>
      </symbol>
      <symbol id="sm-180">
         <name>bird</name>
         <value>0x296</value>
         <object_component_ref idref="oc-1d3"/>
      </symbol>
      <symbol id="sm-181">
         <name>play</name>
         <value>0xc000</value>
         <object_component_ref idref="oc-15c"/>
      </symbol>
      <symbol id="sm-182">
         <name>first_pulse</name>
         <value>0x292</value>
         <object_component_ref idref="oc-1e6"/>
      </symbol>
      <symbol id="sm-183">
         <name>sys_init</name>
         <value>0xc39c</value>
         <object_component_ref idref="oc-132"/>
      </symbol>
      <symbol id="sm-184">
         <name>__TI_int03</name>
         <value>0xffe6</value>
         <object_component_ref idref="oc-40"/>
      </symbol>
      <symbol id="sm-185">
         <name>map_copy</name>
         <value>0xc4ee</value>
         <object_component_ref idref="oc-150"/>
      </symbol>
      <symbol id="sm-186">
         <name>birdposition</name>
         <value>0x294</value>
         <object_component_ref idref="oc-1e6"/>
      </symbol>
      <symbol id="sm-187">
         <name>t2</name>
         <value>0x28e</value>
         <object_component_ref idref="oc-1e6"/>
      </symbol>
      <symbol id="sm-188">
         <name>t1</name>
         <value>0x28c</value>
         <object_component_ref idref="oc-1e6"/>
      </symbol>
      <symbol id="sm-189">
         <name>distance</name>
         <value>0x290</value>
         <object_component_ref idref="oc-1e6"/>
      </symbol>
      <symbol id="sm-18a">
         <name>image_copy</name>
         <value>0xc526</value>
         <object_component_ref idref="oc-13b"/>
      </symbol>
      <symbol id="sm-18b">
         <name>begin</name>
         <value>0xc2e6</value>
         <object_component_ref idref="oc-167"/>
      </symbol>
      <symbol id="sm-18c">
         <name>birdposition1</name>
         <value>0x295</value>
         <object_component_ref idref="oc-1e6"/>
      </symbol>
      <symbol id="sm-18d">
         <name>position</name>
         <value>0xc0e8</value>
         <object_component_ref idref="oc-1cc"/>
      </symbol>
      <symbol id="sm-18e">
         <name>end</name>
         <value>0xc286</value>
         <object_component_ref idref="oc-156"/>
      </symbol>
      <symbol id="sm-18f">
         <name>BUTTON_Interrupt_Handle</name>
         <value>0xc4a4</value>
         <object_component_ref idref="oc-b0"/>
      </symbol>
      <symbol id="sm-199">
         <name>_stack</name>
         <value>0x3b0</value>
         <object_component_ref idref="oc-8d"/>
      </symbol>
      <symbol id="sm-19a">
         <name>_reset_vector</name>
         <value>0xfffe</value>
         <object_component_ref idref="oc-90"/>
      </symbol>
      <symbol id="sm-1a5">
         <name>_c_int00_noargs_noexit</name>
         <value>0xc50c</value>
         <object_component_ref idref="oc-69"/>
      </symbol>
      <symbol id="sm-1bb">
         <name>__TI_decompress_none</name>
         <value>0xc56a</value>
         <object_component_ref idref="oc-32"/>
      </symbol>
      <symbol id="sm-1dd">
         <name>__TI_decompress_rle24</name>
         <value>0xc5ac</value>
         <object_component_ref idref="oc-38"/>
      </symbol>
      <symbol id="sm-1f5">
         <name>__TI_zero_init</name>
         <value>0xc556</value>
         <object_component_ref idref="oc-4b"/>
      </symbol>
      <symbol id="sm-201">
         <name>__mspabi_remi</name>
         <value>0xc478</value>
         <object_component_ref idref="oc-162"/>
      </symbol>
      <symbol id="sm-202">
         <name>__mspabi_divi</name>
         <value>0xc478</value>
         <object_component_ref idref="oc-162"/>
      </symbol>
      <symbol id="sm-20c">
         <name>__mspabi_remu</name>
         <value>0xc540</value>
         <object_component_ref idref="oc-1d7"/>
      </symbol>
      <symbol id="sm-20d">
         <name>__mspabi_divu</name>
         <value>0xc540</value>
         <object_component_ref idref="oc-1d7"/>
      </symbol>
      <symbol id="sm-21a">
         <name>__mspabi_func_epilog_2</name>
         <value>0xc598</value>
         <object_component_ref idref="oc-10c"/>
      </symbol>
      <symbol id="sm-21b">
         <name>__mspabi_func_epilog_3</name>
         <value>0xc596</value>
         <object_component_ref idref="oc-10c"/>
      </symbol>
      <symbol id="sm-21c">
         <name>__mspabi_func_epilog_1</name>
         <value>0xc59a</value>
         <object_component_ref idref="oc-10c"/>
      </symbol>
      <symbol id="sm-21d">
         <name>__mspabi_func_epilog_6</name>
         <value>0xc590</value>
         <object_component_ref idref="oc-10c"/>
      </symbol>
      <symbol id="sm-21e">
         <name>__mspabi_func_epilog_7</name>
         <value>0xc58e</value>
         <object_component_ref idref="oc-10c"/>
      </symbol>
      <symbol id="sm-21f">
         <name>__mspabi_func_epilog_4</name>
         <value>0xc594</value>
         <object_component_ref idref="oc-10c"/>
      </symbol>
      <symbol id="sm-220">
         <name>__mspabi_func_epilog_5</name>
         <value>0xc592</value>
         <object_component_ref idref="oc-10c"/>
      </symbol>
      <symbol id="sm-22b">
         <name>C$$EXIT</name>
         <value>0xc5b6</value>
         <object_component_ref idref="oc-eb"/>
      </symbol>
      <symbol id="sm-22c">
         <name>abort</name>
         <value>0xc5b6</value>
         <object_component_ref idref="oc-eb"/>
      </symbol>
      <symbol id="sm-230">
         <name>__TI_int00</name>
         <value>0xffe0</value>
         <object_component_ref idref="oc-3e"/>
      </symbol>
      <symbol id="sm-233">
         <name>__TI_int02</name>
         <value>0xffe4</value>
         <object_component_ref idref="oc-3f"/>
      </symbol>
      <symbol id="sm-236">
         <name>__TI_int05</name>
         <value>0xffea</value>
         <object_component_ref idref="oc-41"/>
      </symbol>
      <symbol id="sm-239">
         <name>__TI_int06</name>
         <value>0xffec</value>
         <object_component_ref idref="oc-42"/>
      </symbol>
      <symbol id="sm-23c">
         <name>__TI_int08</name>
         <value>0xfff0</value>
         <object_component_ref idref="oc-44"/>
      </symbol>
      <symbol id="sm-23f">
         <name>__TI_int09</name>
         <value>0xfff2</value>
         <object_component_ref idref="oc-45"/>
      </symbol>
      <symbol id="sm-242">
         <name>__TI_int10</name>
         <value>0xfff4</value>
         <object_component_ref idref="oc-46"/>
      </symbol>
      <symbol id="sm-245">
         <name>__TI_int11</name>
         <value>0xfff6</value>
         <object_component_ref idref="oc-47"/>
      </symbol>
      <symbol id="sm-248">
         <name>__TI_int12</name>
         <value>0xfff8</value>
         <object_component_ref idref="oc-48"/>
      </symbol>
      <symbol id="sm-24b">
         <name>__TI_int13</name>
         <value>0xfffa</value>
         <object_component_ref idref="oc-49"/>
      </symbol>
      <symbol id="sm-24e">
         <name>__TI_int14</name>
         <value>0xfffc</value>
         <object_component_ref idref="oc-4a"/>
      </symbol>
      <symbol id="sm-256">
         <name>__TI_ISR_TRAP</name>
         <value>0xc5a6</value>
         <object_component_ref idref="oc-ab"/>
      </symbol>
      <symbol id="sm-260">
         <name>__mspabi_srli_8</name>
         <value>0xc41e</value>
         <object_component_ref idref="oc-1eb"/>
      </symbol>
      <symbol id="sm-261">
         <name>__mspabi_srli_9</name>
         <value>0xc41a</value>
         <object_component_ref idref="oc-1eb"/>
      </symbol>
      <symbol id="sm-262">
         <name>__mspabi_srli_6</name>
         <value>0xc426</value>
         <object_component_ref idref="oc-1eb"/>
      </symbol>
      <symbol id="sm-263">
         <name>__mspabi_srli_7</name>
         <value>0xc422</value>
         <object_component_ref idref="oc-1eb"/>
      </symbol>
      <symbol id="sm-264">
         <name>__mspabi_srli_4</name>
         <value>0xc42e</value>
         <object_component_ref idref="oc-1eb"/>
      </symbol>
      <symbol id="sm-265">
         <name>__mspabi_srli_5</name>
         <value>0xc42a</value>
         <object_component_ref idref="oc-1eb"/>
      </symbol>
      <symbol id="sm-266">
         <name>__mspabi_srli_2</name>
         <value>0xc436</value>
         <object_component_ref idref="oc-1eb"/>
      </symbol>
      <symbol id="sm-267">
         <name>__mspabi_srli_3</name>
         <value>0xc432</value>
         <object_component_ref idref="oc-1eb"/>
      </symbol>
      <symbol id="sm-268">
         <name>__mspabi_srli_1</name>
         <value>0xc43a</value>
         <object_component_ref idref="oc-1eb"/>
      </symbol>
      <symbol id="sm-269">
         <name>__mspabi_srli</name>
         <value>0xc3f4</value>
         <object_component_ref idref="oc-1eb"/>
      </symbol>
      <symbol id="sm-26a">
         <name>__mspabi_srli_15</name>
         <value>0xc402</value>
         <object_component_ref idref="oc-1eb"/>
      </symbol>
      <symbol id="sm-26b">
         <name>__mspabi_srli_14</name>
         <value>0xc406</value>
         <object_component_ref idref="oc-1eb"/>
      </symbol>
      <symbol id="sm-26c">
         <name>__mspabi_srli_13</name>
         <value>0xc40a</value>
         <object_component_ref idref="oc-1eb"/>
      </symbol>
      <symbol id="sm-26d">
         <name>__mspabi_srli_12</name>
         <value>0xc40e</value>
         <object_component_ref idref="oc-1eb"/>
      </symbol>
      <symbol id="sm-26e">
         <name>__mspabi_srli_11</name>
         <value>0xc412</value>
         <object_component_ref idref="oc-1eb"/>
      </symbol>
      <symbol id="sm-26f">
         <name>__mspabi_srli_10</name>
         <value>0xc416</value>
         <object_component_ref idref="oc-1eb"/>
      </symbol>
      <symbol id="sm-27d">
         <name>memcpy</name>
         <value>0xc57c</value>
         <object_component_ref idref="oc-91"/>
      </symbol>
      <symbol id="sm-288">
         <name>_system_pre_init</name>
         <value>0xc5b2</value>
         <object_component_ref idref="oc-c3"/>
      </symbol>
      <symbol id="sm-2a2">
         <name>_auto_init</name>
         <value>0xc344</value>
         <object_component_ref idref="oc-c9"/>
      </symbol>
      <symbol id="sm-2a5">
         <name>__TI_INITARRAY_Base</name>
         <value>0x0</value>
      </symbol>
      <symbol id="sm-2a6">
         <name>__TI_INITARRAY_Limit</name>
         <value>0x0</value>
      </symbol>
   </symbol_table>
   <title>Link successful</title>
</link_info>
